build-windows	Run Windows runtime smoke scripts	锘?026-05-09T22:16:23.3443272Z ##[group]Run $runtimeDir = "lumen-master\build\src\light\Release"
build-windows	Run Windows runtime smoke scripts	2026-05-09T22:16:23.3444252Z [36;1m$runtimeDir = "lumen-master\build\src\light\Release"[0m
build-windows	Run Windows runtime smoke scripts	2026-05-09T22:16:23.3444669Z [36;1m$coreSmoke = Resolve-Path "scripts\smoke\core_runtime.lua"[0m
build-windows	Run Windows runtime smoke scripts	2026-05-09T22:16:23.3445111Z [36;1m$physicsSmoke = Resolve-Path "scripts\smoke\physics_p0_p1.lua"[0m
build-windows	Run Windows runtime smoke scripts	2026-05-09T22:16:23.3445571Z [36;1m$phase3Smoke = Resolve-Path "scripts\smoke\phase3_runtime.lua"[0m
build-windows	Run Windows runtime smoke scripts	2026-05-09T22:16:23.3446032Z [36;1m$phase3WindowSmoke = Resolve-Path "scripts\smoke\phase3_window_runtime.lua"[0m
build-windows	Run Windows runtime smoke scripts	2026-05-09T22:16:23.3446513Z [36;1m$ioStorageSmoke = Resolve-Path "scripts\smoke\io_storage.lua"[0m
build-windows	Run Windows runtime smoke scripts	2026-05-09T22:16:23.3446939Z [36;1m$localeSmoke = Resolve-Path "scripts\smoke\locale_power_sensor.lua"[0m
build-windows	Run Windows runtime smoke scripts	2026-05-09T22:16:23.3447395Z [36;1m$phaseESmoke = Resolve-Path "scripts\smoke\process_camera_messagebox.lua"[0m
build-windows	Run Windows runtime smoke scripts	2026-05-09T22:16:23.3447886Z [36;1m$phaseFSmoke = Resolve-Path "scripts\smoke\clipboard_url_display_cursor.lua"[0m
build-windows	Run Windows runtime smoke scripts	2026-05-09T22:16:23.3448370Z [36;1m$phaseGSmoke = Resolve-Path "scripts\smoke\gamepad.lua"[0m
build-windows	Run Windows runtime smoke scripts	2026-05-09T22:16:23.3448751Z [36;1m$phaseHSmoke = Resolve-Path "scripts\smoke\guid_system.lua"[0m
build-windows	Run Windows runtime smoke scripts	2026-05-09T22:16:23.3449119Z [36;1m$phaseISmoke = Resolve-Path "scripts\smoke\tray.lua"[0m
build-windows	Run Windows runtime smoke scripts	2026-05-09T22:16:23.3449476Z [36;1m$phaseJSmoke = Resolve-Path "scripts\smoke\hidapi.lua"[0m
build-windows	Run Windows runtime smoke scripts	2026-05-09T22:16:23.3450040Z [36;1m$phaseKSmoke = Resolve-Path "scripts\smoke\haptic.lua"[0m
build-windows	Run Windows runtime smoke scripts	2026-05-09T22:16:23.3450401Z [36;1m$phaseLSmoke = Resolve-Path "scripts\smoke\dialog.lua"[0m
build-windows	Run Windows runtime smoke scripts	2026-05-09T22:16:23.3450755Z [36;1m$phaseMSmoke = Resolve-Path "scripts\smoke\touch.lua"[0m
build-windows	Run Windows runtime smoke scripts	2026-05-09T22:16:23.3451095Z [36;1m$phaseNSmoke = Resolve-Path "scripts\smoke\hints.lua"[0m
build-windows	Run Windows runtime smoke scripts	2026-05-09T22:16:23.3451445Z [36;1m$phaseOSmoke = Resolve-Path "scripts\smoke\time.lua"[0m
build-windows	Run Windows runtime smoke scripts	2026-05-09T22:16:23.3451790Z [36;1m$phasePSmoke = Resolve-Path "scripts\smoke\endian.lua"[0m
build-windows	Run Windows runtime smoke scripts	2026-05-09T22:16:23.3452144Z [36;1m$phaseQSmoke = Resolve-Path "scripts\smoke\log.lua"[0m
build-windows	Run Windows runtime smoke scripts	2026-05-09T22:16:23.3452492Z [36;1m$phaseRSmoke = Resolve-Path "scripts\smoke\pixels.lua"[0m
build-windows	Run Windows runtime smoke scripts	2026-05-09T22:16:23.3452860Z [36;1m$phaseSSmoke = Resolve-Path "scripts\smoke\blendmode.lua"[0m
build-windows	Run Windows runtime smoke scripts	2026-05-09T22:16:23.3453249Z [36;1m$phaseTSmoke = Resolve-Path "scripts\smoke\filesystem.lua"[0m
build-windows	Run Windows runtime smoke scripts	2026-05-09T22:16:23.3453627Z [36;1m$phaseUSmoke = Resolve-Path "scripts\smoke\cpuinfo.lua"[0m
build-windows	Run Windows runtime smoke scripts	2026-05-09T22:16:23.3453985Z [36;1m$phaseVSmoke = Resolve-Path "scripts\smoke\error.lua"[0m
build-windows	Run Windows runtime smoke scripts	2026-05-09T22:16:23.3454334Z [36;1m$phaseWSmoke = Resolve-Path "scripts\smoke\loadso.lua"[0m
build-windows	Run Windows runtime smoke scripts	2026-05-09T22:16:23.3454682Z [36;1m$phaseXSmoke = Resolve-Path "scripts\smoke\version.lua"[0m
build-windows	Run Windows runtime smoke scripts	2026-05-09T22:16:23.3455058Z [36;1m$phaseYSmoke = Resolve-Path "scripts\smoke\properties.lua"[0m
build-windows	Run Windows runtime smoke scripts	2026-05-09T22:16:23.3455436Z [36;1m$phaseZSmoke = Resolve-Path "scripts\smoke\clipboard.lua"[0m
build-windows	Run Windows runtime smoke scripts	2026-05-09T22:16:23.3455824Z [36;1m$phaseAASmoke = Resolve-Path "scripts\smoke\misc.lua"[0m
build-windows	Run Windows runtime smoke scripts	2026-05-09T22:16:23.3456178Z [36;1m$phaseABSmoke = Resolve-Path "scripts\smoke\rect.lua"[0m
build-windows	Run Windows runtime smoke scripts	2026-05-09T22:16:23.3456525Z [36;1m$phaseACSmoke = Resolve-Path "scripts\smoke\atomic.lua"[0m
build-windows	Run Windows runtime smoke scripts	2026-05-09T22:16:23.3456888Z [36;1m$phaseADSmoke = Resolve-Path "scripts\smoke\mutex.lua"[0m
build-windows	Run Windows runtime smoke scripts	2026-05-09T22:16:23.3457248Z [36;1m$phaseAESmoke = Resolve-Path "scripts\smoke\iostream.lua"[0m
build-windows	Run Windows runtime smoke scripts	2026-05-09T22:16:23.3457627Z [36;1m$phaseAFSmoke = Resolve-Path "scripts\smoke\surface.lua"[0m
build-windows	Run Windows runtime smoke scripts	2026-05-09T22:16:23.3457994Z [36;1m$phaseAGSmoke = Resolve-Path "scripts\smoke\keyboard.lua"[0m
build-windows	Run Windows runtime smoke scripts	2026-05-09T22:16:23.3458360Z [36;1m$phaseAHSmoke = Resolve-Path "scripts\smoke\mouse.lua"[0m
build-windows	Run Windows runtime smoke scripts	2026-05-09T22:16:23.3458722Z [36;1m$phaseAISmoke = Resolve-Path "scripts\smoke\joystick.lua"[0m
build-windows	Run Windows runtime smoke scripts	2026-05-09T22:16:23.3459097Z [36;1m$phaseAQSmoke = Resolve-Path "scripts\smoke\textinput.lua"[0m
build-windows	Run Windows runtime smoke scripts	2026-05-09T22:16:23.3459604Z [36;1m$phaseARSmoke = Resolve-Path "scripts\smoke\pen_event_timer.lua"[0m
build-windows	Run Windows runtime smoke scripts	2026-05-09T22:16:23.3460550Z [36;1m$phaseAS1Smoke = Resolve-Path "scripts\smoke\canvas_shader_ext.lua"[0m
build-windows	Run Windows runtime smoke scripts	2026-05-09T22:16:23.3462686Z [36;1m$phaseAS2Smoke = Resolve-Path "scripts\smoke\mesh_3d.lua"[0m
build-windows	Run Windows runtime smoke scripts	2026-05-09T22:16:23.3463094Z [36;1m$phaseAS4Smoke = Resolve-Path "scripts\smoke\material_3d.lua"[0m
build-windows	Run Windows runtime smoke scripts	2026-05-09T22:16:23.3463529Z [36;1m$phaseATSmoke  = Resolve-Path "scripts\smoke\audio_3d_mixer_effect.lua"[0m
build-windows	Run Windows runtime smoke scripts	2026-05-09T22:16:23.3464012Z [36;1m$phaseAUSmoke  = Resolve-Path "scripts\smoke\physics_3d.lua"[0m
build-windows	Run Windows runtime smoke scripts	2026-05-09T22:16:23.3464401Z [36;1m$phaseAVSmoke  = Resolve-Path "scripts\smoke\animation.lua"[0m
build-windows	Run Windows runtime smoke scripts	2026-05-09T22:16:23.3464833Z [36;1mCopy-Item ChocoLight\build\bin\Release\Light.dll $runtimeDir -Force[0m
build-windows	Run Windows runtime smoke scripts	2026-05-09T22:16:23.3465213Z [36;1m& "$runtimeDir\light.exe" $coreSmoke[0m
build-windows	Run Windows runtime smoke scripts	2026-05-09T22:16:23.3465502Z [36;1mif ($LASTEXITCODE -ne 0) { exit $LASTEXITCODE }[0m
build-windows	Run Windows runtime smoke scripts	2026-05-09T22:16:23.3465807Z [36;1m& "$runtimeDir\light.exe" $physicsSmoke[0m
build-windows	Run Windows runtime smoke scripts	2026-05-09T22:16:23.3466108Z [36;1mif ($LASTEXITCODE -ne 0) { exit $LASTEXITCODE }[0m
build-windows	Run Windows runtime smoke scripts	2026-05-09T22:16:23.3466405Z [36;1m& "$runtimeDir\light.exe" $phase3Smoke[0m
build-windows	Run Windows runtime smoke scripts	2026-05-09T22:16:23.3466684Z [36;1mif ($LASTEXITCODE -ne 0) { exit $LASTEXITCODE }[0m
build-windows	Run Windows runtime smoke scripts	2026-05-09T22:16:23.3466984Z [36;1m& "$runtimeDir\light.exe" $phase3WindowSmoke[0m
build-windows	Run Windows runtime smoke scripts	2026-05-09T22:16:23.3467275Z [36;1mif ($LASTEXITCODE -ne 0) { exit $LASTEXITCODE }[0m
build-windows	Run Windows runtime smoke scripts	2026-05-09T22:16:23.3467671Z [36;1m& "$runtimeDir\light.exe" $ioStorageSmoke[0m
build-windows	Run Windows runtime smoke scripts	2026-05-09T22:16:23.3467955Z [36;1mif ($LASTEXITCODE -ne 0) { exit $LASTEXITCODE }[0m
build-windows	Run Windows runtime smoke scripts	2026-05-09T22:16:23.3468237Z [36;1m& "$runtimeDir\light.exe" $localeSmoke[0m
build-windows	Run Windows runtime smoke scripts	2026-05-09T22:16:23.3468519Z [36;1mif ($LASTEXITCODE -ne 0) { exit $LASTEXITCODE }[0m
build-windows	Run Windows runtime smoke scripts	2026-05-09T22:16:23.3468795Z [36;1m& "$runtimeDir\light.exe" $phaseESmoke[0m
build-windows	Run Windows runtime smoke scripts	2026-05-09T22:16:23.3469076Z [36;1mif ($LASTEXITCODE -ne 0) { exit $LASTEXITCODE }[0m
build-windows	Run Windows runtime smoke scripts	2026-05-09T22:16:23.3469353Z [36;1m& "$runtimeDir\light.exe" $phaseFSmoke[0m
build-windows	Run Windows runtime smoke scripts	2026-05-09T22:16:23.3469632Z [36;1mif ($LASTEXITCODE -ne 0) { exit $LASTEXITCODE }[0m
build-windows	Run Windows runtime smoke scripts	2026-05-09T22:16:23.3469915Z [36;1m& "$runtimeDir\light.exe" $phaseGSmoke[0m
build-windows	Run Windows runtime smoke scripts	2026-05-09T22:16:23.3470186Z [36;1mif ($LASTEXITCODE -ne 0) { exit $LASTEXITCODE }[0m
build-windows	Run Windows runtime smoke scripts	2026-05-09T22:16:23.3470460Z [36;1m& "$runtimeDir\light.exe" $phaseHSmoke[0m
build-windows	Run Windows runtime smoke scripts	2026-05-09T22:16:23.3470729Z [36;1mif ($LASTEXITCODE -ne 0) { exit $LASTEXITCODE }[0m
build-windows	Run Windows runtime smoke scripts	2026-05-09T22:16:23.3471009Z [36;1m& "$runtimeDir\light.exe" $phaseISmoke[0m
build-windows	Run Windows runtime smoke scripts	2026-05-09T22:16:23.3471285Z [36;1mif ($LASTEXITCODE -ne 0) { exit $LASTEXITCODE }[0m
build-windows	Run Windows runtime smoke scripts	2026-05-09T22:16:23.3471555Z [36;1m& "$runtimeDir\light.exe" $phaseJSmoke[0m
build-windows	Run Windows runtime smoke scripts	2026-05-09T22:16:23.3471832Z [36;1mif ($LASTEXITCODE -ne 0) { exit $LASTEXITCODE }[0m
build-windows	Run Windows runtime smoke scripts	2026-05-09T22:16:23.3472105Z [36;1m& "$runtimeDir\light.exe" $phaseKSmoke[0m
build-windows	Run Windows runtime smoke scripts	2026-05-09T22:16:23.3472383Z [36;1mif ($LASTEXITCODE -ne 0) { exit $LASTEXITCODE }[0m
build-windows	Run Windows runtime smoke scripts	2026-05-09T22:16:23.3472651Z [36;1m& "$runtimeDir\light.exe" $phaseLSmoke[0m
build-windows	Run Windows runtime smoke scripts	2026-05-09T22:16:23.3472930Z [36;1mif ($LASTEXITCODE -ne 0) { exit $LASTEXITCODE }[0m
build-windows	Run Windows runtime smoke scripts	2026-05-09T22:16:23.3473208Z [36;1m& "$runtimeDir\light.exe" $phaseMSmoke[0m
build-windows	Run Windows runtime smoke scripts	2026-05-09T22:16:23.3473476Z [36;1mif ($LASTEXITCODE -ne 0) { exit $LASTEXITCODE }[0m
build-windows	Run Windows runtime smoke scripts	2026-05-09T22:16:23.3473754Z [36;1m& "$runtimeDir\light.exe" $phaseNSmoke[0m
build-windows	Run Windows runtime smoke scripts	2026-05-09T22:16:23.3474024Z [36;1mif ($LASTEXITCODE -ne 0) { exit $LASTEXITCODE }[0m
build-windows	Run Windows runtime smoke scripts	2026-05-09T22:16:23.3474304Z [36;1m& "$runtimeDir\light.exe" $phaseOSmoke[0m
build-windows	Run Windows runtime smoke scripts	2026-05-09T22:16:23.3474573Z [36;1mif ($LASTEXITCODE -ne 0) { exit $LASTEXITCODE }[0m
build-windows	Run Windows runtime smoke scripts	2026-05-09T22:16:23.3474851Z [36;1m& "$runtimeDir\light.exe" $phasePSmoke[0m
build-windows	Run Windows runtime smoke scripts	2026-05-09T22:16:23.3475123Z [36;1mif ($LASTEXITCODE -ne 0) { exit $LASTEXITCODE }[0m
build-windows	Run Windows runtime smoke scripts	2026-05-09T22:16:23.3475392Z [36;1m& "$runtimeDir\light.exe" $phaseQSmoke[0m
build-windows	Run Windows runtime smoke scripts	2026-05-09T22:16:23.3475671Z [36;1mif ($LASTEXITCODE -ne 0) { exit $LASTEXITCODE }[0m
build-windows	Run Windows runtime smoke scripts	2026-05-09T22:16:23.3475947Z [36;1m& "$runtimeDir\light.exe" $phaseRSmoke[0m
build-windows	Run Windows runtime smoke scripts	2026-05-09T22:16:23.3476223Z [36;1mif ($LASTEXITCODE -ne 0) { exit $LASTEXITCODE }[0m
build-windows	Run Windows runtime smoke scripts	2026-05-09T22:16:23.3476969Z [36;1m& "$runtimeDir\light.exe" $phaseSSmoke[0m
build-windows	Run Windows runtime smoke scripts	2026-05-09T22:16:23.3477248Z [36;1mif ($LASTEXITCODE -ne 0) { exit $LASTEXITCODE }[0m
build-windows	Run Windows runtime smoke scripts	2026-05-09T22:16:23.3477535Z [36;1m& "$runtimeDir\light.exe" $phaseTSmoke[0m
build-windows	Run Windows runtime smoke scripts	2026-05-09T22:16:23.3477810Z [36;1mif ($LASTEXITCODE -ne 0) { exit $LASTEXITCODE }[0m
build-windows	Run Windows runtime smoke scripts	2026-05-09T22:16:23.3478098Z [36;1m& "$runtimeDir\light.exe" $phaseUSmoke[0m
build-windows	Run Windows runtime smoke scripts	2026-05-09T22:16:23.3478369Z [36;1mif ($LASTEXITCODE -ne 0) { exit $LASTEXITCODE }[0m
build-windows	Run Windows runtime smoke scripts	2026-05-09T22:16:23.3478656Z [36;1m& "$runtimeDir\light.exe" $phaseVSmoke[0m
build-windows	Run Windows runtime smoke scripts	2026-05-09T22:16:23.3478949Z [36;1mif ($LASTEXITCODE -ne 0) { exit $LASTEXITCODE }[0m
build-windows	Run Windows runtime smoke scripts	2026-05-09T22:16:23.3479230Z [36;1m& "$runtimeDir\light.exe" $phaseWSmoke[0m
build-windows	Run Windows runtime smoke scripts	2026-05-09T22:16:23.3479513Z [36;1mif ($LASTEXITCODE -ne 0) { exit $LASTEXITCODE }[0m
build-windows	Run Windows runtime smoke scripts	2026-05-09T22:16:23.3479790Z [36;1m& "$runtimeDir\light.exe" $phaseXSmoke[0m
build-windows	Run Windows runtime smoke scripts	2026-05-09T22:16:23.3480065Z [36;1mif ($LASTEXITCODE -ne 0) { exit $LASTEXITCODE }[0m
build-windows	Run Windows runtime smoke scripts	2026-05-09T22:16:23.3480747Z [36;1m& "$runtimeDir\light.exe" $phaseYSmoke[0m
build-windows	Run Windows runtime smoke scripts	2026-05-09T22:16:23.3481038Z [36;1mif ($LASTEXITCODE -ne 0) { exit $LASTEXITCODE }[0m
build-windows	Run Windows runtime smoke scripts	2026-05-09T22:16:23.3481318Z [36;1m& "$runtimeDir\light.exe" $phaseZSmoke[0m
build-windows	Run Windows runtime smoke scripts	2026-05-09T22:16:23.3481588Z [36;1mif ($LASTEXITCODE -ne 0) { exit $LASTEXITCODE }[0m
build-windows	Run Windows runtime smoke scripts	2026-05-09T22:16:23.3482005Z [36;1m& "$runtimeDir\light.exe" $phaseAASmoke[0m
build-windows	Run Windows runtime smoke scripts	2026-05-09T22:16:23.3482286Z [36;1mif ($LASTEXITCODE -ne 0) { exit $LASTEXITCODE }[0m
build-windows	Run Windows runtime smoke scripts	2026-05-09T22:16:23.3482572Z [36;1m& "$runtimeDir\light.exe" $phaseABSmoke[0m
build-windows	Run Windows runtime smoke scripts	2026-05-09T22:16:23.3482845Z [36;1mif ($LASTEXITCODE -ne 0) { exit $LASTEXITCODE }[0m
build-windows	Run Windows runtime smoke scripts	2026-05-09T22:16:23.3483125Z [36;1m& "$runtimeDir\light.exe" $phaseACSmoke[0m
build-windows	Run Windows runtime smoke scripts	2026-05-09T22:16:23.3483402Z [36;1mif ($LASTEXITCODE -ne 0) { exit $LASTEXITCODE }[0m
build-windows	Run Windows runtime smoke scripts	2026-05-09T22:16:23.3483676Z [36;1m& "$runtimeDir\light.exe" $phaseADSmoke[0m
build-windows	Run Windows runtime smoke scripts	2026-05-09T22:16:23.3483956Z [36;1mif ($LASTEXITCODE -ne 0) { exit $LASTEXITCODE }[0m
build-windows	Run Windows runtime smoke scripts	2026-05-09T22:16:23.3484270Z [36;1m& "$runtimeDir\light.exe" $phaseAESmoke[0m
build-windows	Run Windows runtime smoke scripts	2026-05-09T22:16:23.3484555Z [36;1mif ($LASTEXITCODE -ne 0) { exit $LASTEXITCODE }[0m
build-windows	Run Windows runtime smoke scripts	2026-05-09T22:16:23.3484832Z [36;1m& "$runtimeDir\light.exe" $phaseAFSmoke[0m
build-windows	Run Windows runtime smoke scripts	2026-05-09T22:16:23.3485111Z [36;1mif ($LASTEXITCODE -ne 0) { exit $LASTEXITCODE }[0m
build-windows	Run Windows runtime smoke scripts	2026-05-09T22:16:23.3485392Z [36;1m& "$runtimeDir\light.exe" $phaseAGSmoke[0m
build-windows	Run Windows runtime smoke scripts	2026-05-09T22:16:23.3485668Z [36;1mif ($LASTEXITCODE -ne 0) { exit $LASTEXITCODE }[0m
build-windows	Run Windows runtime smoke scripts	2026-05-09T22:16:23.3485946Z [36;1m& "$runtimeDir\light.exe" $phaseAHSmoke[0m
build-windows	Run Windows runtime smoke scripts	2026-05-09T22:16:23.3486217Z [36;1mif ($LASTEXITCODE -ne 0) { exit $LASTEXITCODE }[0m
build-windows	Run Windows runtime smoke scripts	2026-05-09T22:16:23.3486498Z [36;1m& "$runtimeDir\light.exe" $phaseAISmoke[0m
build-windows	Run Windows runtime smoke scripts	2026-05-09T22:16:23.3486774Z [36;1mif ($LASTEXITCODE -ne 0) { exit $LASTEXITCODE }[0m
build-windows	Run Windows runtime smoke scripts	2026-05-09T22:16:23.3487047Z [36;1m& "$runtimeDir\light.exe" $phaseAQSmoke[0m
build-windows	Run Windows runtime smoke scripts	2026-05-09T22:16:23.3487326Z [36;1mif ($LASTEXITCODE -ne 0) { exit $LASTEXITCODE }[0m
build-windows	Run Windows runtime smoke scripts	2026-05-09T22:16:23.3487599Z [36;1m& "$runtimeDir\light.exe" $phaseARSmoke[0m
build-windows	Run Windows runtime smoke scripts	2026-05-09T22:16:23.3487882Z [36;1mif ($LASTEXITCODE -ne 0) { exit $LASTEXITCODE }[0m
build-windows	Run Windows runtime smoke scripts	2026-05-09T22:16:23.3488162Z [36;1m& "$runtimeDir\light.exe" $phaseAS1Smoke[0m
build-windows	Run Windows runtime smoke scripts	2026-05-09T22:16:23.3488449Z [36;1mif ($LASTEXITCODE -ne 0) { exit $LASTEXITCODE }[0m
build-windows	Run Windows runtime smoke scripts	2026-05-09T22:16:23.3488731Z [36;1m& "$runtimeDir\light.exe" $phaseAS2Smoke[0m
build-windows	Run Windows runtime smoke scripts	2026-05-09T22:16:23.3489047Z [36;1mif ($LASTEXITCODE -ne 0) { exit $LASTEXITCODE }[0m
build-windows	Run Windows runtime smoke scripts	2026-05-09T22:16:23.3489327Z [36;1m& "$runtimeDir\light.exe" $phaseAS4Smoke[0m
build-windows	Run Windows runtime smoke scripts	2026-05-09T22:16:23.3489603Z [36;1mif ($LASTEXITCODE -ne 0) { exit $LASTEXITCODE }[0m
build-windows	Run Windows runtime smoke scripts	2026-05-09T22:16:23.3489874Z [36;1m& "$runtimeDir\light.exe" $phaseATSmoke[0m
build-windows	Run Windows runtime smoke scripts	2026-05-09T22:16:23.3490152Z [36;1mif ($LASTEXITCODE -ne 0) { exit $LASTEXITCODE }[0m
build-windows	Run Windows runtime smoke scripts	2026-05-09T22:16:23.3490429Z [36;1m& "$runtimeDir\light.exe" $phaseAUSmoke[0m
build-windows	Run Windows runtime smoke scripts	2026-05-09T22:16:23.3490696Z [36;1mif ($LASTEXITCODE -ne 0) { exit $LASTEXITCODE }[0m
build-windows	Run Windows runtime smoke scripts	2026-05-09T22:16:23.3490973Z [36;1m& "$runtimeDir\light.exe" $phaseAVSmoke[0m
build-windows	Run Windows runtime smoke scripts	2026-05-09T22:16:23.3491343Z [36;1mif ($LASTEXITCODE -ne 0) { exit $LASTEXITCODE }[0m
build-windows	Run Windows runtime smoke scripts	2026-05-09T22:16:23.3551241Z shell: C:\Program Files\PowerShell\7\pwsh.EXE -command ". '{0}'"
build-windows	Run Windows runtime smoke scripts	2026-05-09T22:16:23.3551570Z ##[endgroup]
build-windows	Run Windows runtime smoke scripts	2026-05-09T22:16:23.7687217Z [W][2026-05-09][22:16:23] FFmpeg DLLs not found (avformat=0000000000000000, avcodec=0000000000000000, avutil=0000000000000000)
build-windows	Run Windows runtime smoke scripts	2026-05-09T22:16:23.7706572Z [Light] Engine loaded: 92 modules from D:\a\ChocoLightEngine\ChocoLightEngine\lumen-master\build\src\light\Release\Light.dll
build-windows	Run Windows runtime smoke scripts	2026-05-09T22:16:23.8253825Z checking module	Light.Input
build-windows	Run Windows runtime smoke scripts	2026-05-09T22:16:23.8254320Z checking module	Light.Graphics.Particles
build-windows	Run Windows runtime smoke scripts	2026-05-09T22:16:23.8254760Z checking module	Light.Graphics.Tilemap
build-windows	Run Windows runtime smoke scripts	2026-05-09T22:16:23.8255120Z checking module	Light.Physics.World
build-windows	Run Windows runtime smoke scripts	2026-05-09T22:16:23.8255431Z checking module	Light.ECS
build-windows	Run Windows runtime smoke scripts	2026-05-09T22:16:23.8255706Z checking module	Light.Scene
build-windows	Run Windows runtime smoke scripts	2026-05-09T22:16:23.8256032Z checking module	Light.Graphics.SpriteAnimation
build-windows	Run Windows runtime smoke scripts	2026-05-09T22:16:23.8256454Z checking module	Light.Graphics.Shader
build-windows	Run Windows runtime smoke scripts	2026-05-09T22:16:23.8256789Z checking module	Light.HotReload
build-windows	Run Windows runtime smoke scripts	2026-05-09T22:16:23.8257082Z checking module	Light.UI.Widget
build-windows	Run Windows runtime smoke scripts	2026-05-09T22:16:23.8257376Z checking module	Light.Crypto
build-windows	Run Windows runtime smoke scripts	2026-05-09T22:16:23.8257709Z core_runtime smoke ok
build-windows	Run Windows runtime smoke scripts	2026-05-09T22:16:23.8646830Z [W][2026-05-09][22:16:23] FFmpeg DLLs not found (avformat=0000000000000000, avcodec=0000000000000000, avutil=0000000000000000)
build-windows	Run Windows runtime smoke scripts	2026-05-09T22:16:23.8664295Z [Light] Engine loaded: 92 modules from D:\a\ChocoLightEngine\ChocoLightEngine\lumen-master\build\src\light\Release\Light.dll
build-windows	Run Windows runtime smoke scripts	2026-05-09T22:16:23.9198126Z physics_p0_p1 smoke ok	320	424.17111206055	6	6
build-windows	Run Windows runtime smoke scripts	2026-05-09T22:16:23.9582325Z [W][2026-05-09][22:16:23] FFmpeg DLLs not found (avformat=0000000000000000, avcodec=0000000000000000, avutil=0000000000000000)
build-windows	Run Windows runtime smoke scripts	2026-05-09T22:16:23.9601171Z [Light] Engine loaded: 92 modules from D:\a\ChocoLightEngine\ChocoLightEngine\lumen-master\build\src\light\Release\Light.dll
build-windows	Run Windows runtime smoke scripts	2026-05-09T22:16:24.0149125Z phase3_runtime smoke ok
build-windows	Run Windows runtime smoke scripts	2026-05-09T22:16:24.0508370Z [W][2026-05-09][22:16:24] FFmpeg DLLs not found (avformat=0000000000000000, avcodec=0000000000000000, avutil=0000000000000000)
build-windows	Run Windows runtime smoke scripts	2026-05-09T22:16:24.0527565Z [Light] Engine loaded: 92 modules from D:\a\ChocoLightEngine\ChocoLightEngine\lumen-master\build\src\light\Release\Light.dll
build-windows	Run Windows runtime smoke scripts	2026-05-09T22:16:24.1182911Z [I][2026-05-09][22:16:24] PlatformWindow: SDL3 initialized (gamepad enabled, IME UI on, app_id=com.chocolight.engine)
build-windows	Run Windows runtime smoke scripts	2026-05-09T22:16:24.1705969Z [I][2026-05-09][22:16:24] GL version < 3.3, using Legacy backend
build-windows	Run Windows runtime smoke scripts	2026-05-09T22:16:24.1708497Z [I][2026-05-09][22:16:24] RenderBackend: LegacyGL initialized (FBO=no)
build-windows	Run Windows runtime smoke scripts	2026-05-09T22:16:24.1710486Z [I][2026-05-09][22:16:24] Render backend: LegacyGL
build-windows	Run Windows runtime smoke scripts	2026-05-09T22:16:24.1711526Z [I][2026-05-09][22:16:24] BatchRenderer: initialized (max 16384 quads / 65536 vertices / 98304 indices per batch)
build-windows	Run Windows runtime smoke scripts	2026-05-09T22:16:24.3027838Z [I][2026-05-09][22:16:24] AudioBackend: miniaudio engine initialized
build-windows	Run Windows runtime smoke scripts	2026-05-09T22:16:24.3051086Z [I][2026-05-09][22:16:24] PlatformNet: initialized (libuv 1.48.0)
build-windows	Run Windows runtime smoke scripts	2026-05-09T22:16:24.3051737Z [I][2026-05-09][22:16:24] Window opened: 160x120 'Phase3 Smoke'
build-windows	Run Windows runtime smoke scripts	2026-05-09T22:16:24.3609754Z phase3_window_runtime shader path skipped: backend does not support user shaders
build-windows	Run Windows runtime smoke scripts	2026-05-09T22:16:24.3610609Z phase3_window_runtime smoke ok
build-windows	Run Windows runtime smoke scripts	2026-05-09T22:16:24.4099645Z [W][2026-05-09][22:16:24] FFmpeg DLLs not found (avformat=0000000000000000, avcodec=0000000000000000, avutil=0000000000000000)
build-windows	Run Windows runtime smoke scripts	2026-05-09T22:16:24.4123942Z [Light] Engine loaded: 92 modules from D:\a\ChocoLightEngine\ChocoLightEngine\lumen-master\build\src\light\Release\Light.dll
build-windows	Run Windows runtime smoke scripts	2026-05-09T22:16:24.4649971Z io_storage ok
build-windows	Run Windows runtime smoke scripts	2026-05-09T22:16:24.5000972Z [W][2026-05-09][22:16:24] FFmpeg DLLs not found (avformat=0000000000000000, avcodec=0000000000000000, avutil=0000000000000000)
build-windows	Run Windows runtime smoke scripts	2026-05-09T22:16:24.5019313Z [Light] Engine loaded: 92 modules from D:\a\ChocoLightEngine\ChocoLightEngine\lumen-master\build\src\light\Release\Light.dll
build-windows	Run Windows runtime smoke scripts	2026-05-09T22:16:24.6381170Z locale_power_sensor ok
build-windows	Run Windows runtime smoke scripts	2026-05-09T22:16:24.6744155Z [W][2026-05-09][22:16:24] FFmpeg DLLs not found (avformat=0000000000000000, avcodec=0000000000000000, avutil=0000000000000000)
build-windows	Run Windows runtime smoke scripts	2026-05-09T22:16:24.6761677Z [Light] Engine loaded: 92 modules from D:\a\ChocoLightEngine\ChocoLightEngine\lumen-master\build\src\light\Release\Light.dll
build-windows	Run Windows runtime smoke scripts	2026-05-09T22:16:24.7290306Z Light.Process module ok
build-windows	Run Windows runtime smoke scripts	2026-05-09T22:16:24.7290880Z Light.Process.Run(nil) boundary ok: args must be a table of strings
build-windows	Run Windows runtime smoke scripts	2026-05-09T22:16:24.7291545Z Light.Process.Run({}) boundary ok: args is empty
build-windows	Run Windows runtime smoke scripts	2026-05-09T22:16:24.7292248Z Light.Process.Run({123}) boundary ok: args[1] is not a string
build-windows	Run Windows runtime smoke scripts	2026-05-09T22:16:24.7292958Z Light.Process.Read(nil) boundary ok: invalid process handle
build-windows	Run Windows runtime smoke scripts	2026-05-09T22:16:24.7293600Z Light.Camera module ok
build-windows	Run Windows runtime smoke scripts	2026-05-09T22:16:24.7294551Z Light.Camera.GetCameras returned nil (no backend): Camera subsystem is not initialized
build-windows	Run Windows runtime smoke scripts	2026-05-09T22:16:24.7295843Z Light.Camera.GetName(0) returned nil err=Camera subsystem is not initialized
build-windows	Run Windows runtime smoke scripts	2026-05-09T22:16:24.7296887Z Light.Camera.AcquireFrame(nil) boundary ok: invalid camera handle
build-windows	Run Windows runtime smoke scripts	2026-05-09T22:16:24.7297642Z Light.MessageBox module ok
build-windows	Run Windows runtime smoke scripts	2026-05-09T22:16:24.7298175Z Light.MessageBox.Show(no title) boundary ok: title is required
build-windows	Run Windows runtime smoke scripts	2026-05-09T22:16:24.7298974Z Light.MessageBox.Show(no message) boundary ok: message is required
build-windows	Run Windows runtime smoke scripts	2026-05-09T22:16:24.7300279Z Light.MessageBox.Show(no buttons) boundary ok: buttons must be a table of strings
build-windows	Run Windows runtime smoke scripts	2026-05-09T22:16:24.7301421Z Light.MessageBox.Show(empty buttons) boundary ok: buttons count out of range (1..32)
build-windows	Run Windows runtime smoke scripts	2026-05-09T22:16:24.7302536Z Light.MessageBox.Show(non-string buttons) boundary ok: buttons[1] is not a string
build-windows	Run Windows runtime smoke scripts	2026-05-09T22:16:24.7303179Z process_camera_messagebox smoke ok
build-windows	Run Windows runtime smoke scripts	2026-05-09T22:16:24.7644757Z [W][2026-05-09][22:16:24] FFmpeg DLLs not found (avformat=0000000000000000, avcodec=0000000000000000, avutil=0000000000000000)
build-windows	Run Windows runtime smoke scripts	2026-05-09T22:16:24.7663262Z [Light] Engine loaded: 92 modules from D:\a\ChocoLightEngine\ChocoLightEngine\lumen-master\build\src\light\Release\Light.dll
build-windows	Run Windows runtime smoke scripts	2026-05-09T22:16:24.8335708Z Light.Clipboard module ok
build-windows	Run Windows runtime smoke scripts	2026-05-09T22:16:24.8336492Z Light.Clipboard.HasText returned false
build-windows	Run Windows runtime smoke scripts	2026-05-09T22:16:24.8336939Z Light.Clipboard.GetText length=0
build-windows	Run Windows runtime smoke scripts	2026-05-09T22:16:24.8337341Z Light.URL module ok
build-windows	Run Windows runtime smoke scripts	2026-05-09T22:16:24.8337678Z Light.Display module ok
build-windows	Run Windows runtime smoke scripts	2026-05-09T22:16:24.8338028Z Light.Display.GetAll list=1 err=nil
build-windows	Run Windows runtime smoke scripts	2026-05-09T22:16:24.8338501Z Light.Display.GetPrimary id=1 err=nil
build-windows	Run Windows runtime smoke scripts	2026-05-09T22:16:24.8339296Z Light.Display.GetBounds(0) returned nil err=Invalid display
build-windows	Run Windows runtime smoke scripts	2026-05-09T22:16:24.8339875Z Light.Cursor module ok
build-windows	Run Windows runtime smoke scripts	2026-05-09T22:16:24.8340803Z Light.Cursor.CreateSystem(invalid) boundary ok: unknown system cursor name: notarealcursor
build-windows	Run Windows runtime smoke scripts	2026-05-09T22:16:24.8341827Z Light.Cursor.IsVisible = true
build-windows	Run Windows runtime smoke scripts	2026-05-09T22:16:24.8342553Z Light.Cursor.Destroy(nil) boundary ok: invalid cursor handle
build-windows	Run Windows runtime smoke scripts	2026-05-09T22:16:24.8343296Z clipboard_url_display_cursor smoke ok
build-windows	Run Windows runtime smoke scripts	2026-05-09T22:16:24.8718032Z [W][2026-05-09][22:16:24] FFmpeg DLLs not found (avformat=0000000000000000, avcodec=0000000000000000, avutil=0000000000000000)
build-windows	Run Windows runtime smoke scripts	2026-05-09T22:16:24.8736391Z [Light] Engine loaded: 92 modules from D:\a\ChocoLightEngine\ChocoLightEngine\lumen-master\build\src\light\Release\Light.dll
build-windows	Run Windows runtime smoke scripts	2026-05-09T22:16:24.9385934Z Light.Gamepad module ok (Phase G 14 functions)
build-windows	Run Windows runtime smoke scripts	2026-05-09T22:16:24.9386439Z Light.Gamepad Phase AJ fns ok (55 functions)
build-windows	Run Windows runtime smoke scripts	2026-05-09T22:16:24.9386791Z Light.Gamepad constants ok (58 consts)
build-windows	Run Windows runtime smoke scripts	2026-05-09T22:16:24.9387104Z Light.Gamepad.GetGamepads count=0
build-windows	Run Windows runtime smoke scripts	2026-05-09T22:16:24.9387643Z Light.Gamepad.Open(0) boundary ok: Couldn't find mapping for device (0)
build-windows	Run Windows runtime smoke scripts	2026-05-09T22:16:24.9388191Z Light.Gamepad.GetName(nil) boundary ok: invalid gamepad handle
build-windows	Run Windows runtime smoke scripts	2026-05-09T22:16:24.9388677Z Light.Gamepad.GetID(nil) boundary ok: invalid gamepad handle
build-windows	Run Windows runtime smoke scripts	2026-05-09T22:16:24.9389206Z Light.Gamepad.IsConnected(nil) = false ok
build-windows	Run Windows runtime smoke scripts	2026-05-09T22:16:24.9389606Z Light.Gamepad.GetConnectionState(nil) = 'invalid' ok
build-windows	Run Windows runtime smoke scripts	2026-05-09T22:16:24.9390021Z Light.Gamepad.GetPowerInfo(nil) = ('error', nil) ok
build-windows	Run Windows runtime smoke scripts	2026-05-09T22:16:24.9392054Z Light.Gamepad.{Has,Get}Button(nil, name) = false ok
build-windows	Run Windows runtime smoke scripts	2026-05-09T22:16:24.9392757Z Light.Gamepad.{Has,Get}Axis(nil, name) boundary ok
build-windows	Run Windows runtime smoke scripts	2026-05-09T22:16:24.9393917Z Light.Gamepad.Rumble(nil) boundary ok: invalid gamepad handle
build-windows	Run Windows runtime smoke scripts	2026-05-09T22:16:24.9394638Z Light.Gamepad.Rumble bad low boundary ok: invalid gamepad handle
build-windows	Run Windows runtime smoke scripts	2026-05-09T22:16:24.9395290Z Light.Gamepad.Close(nil) boundary ok: invalid gamepad handle
build-windows	Run Windows runtime smoke scripts	2026-05-09T22:16:24.9395794Z Light.Gamepad.HasGamepad ok: false
build-windows	Run Windows runtime smoke scripts	2026-05-09T22:16:24.9396138Z Light.Gamepad.IsGamepad(0) = false ok
build-windows	Run Windows runtime smoke scripts	2026-05-09T22:16:24.9396674Z Light.Gamepad ForID(0) boundary ok (guid='00000000000000000000000000000000')
build-windows	Run Windows runtime smoke scripts	2026-05-09T22:16:24.9397274Z Light.Gamepad.GetMappings count=308
build-windows	Run Windows runtime smoke scripts	2026-05-09T22:16:24.9397954Z Light.Gamepad.AddMapping(garbage) = -1 ok: Couldn't parse GUID from THIS_IS_NOT_A_VALID_MAPPING
build-windows	Run Windows runtime smoke scripts	2026-05-09T22:16:24.9398442Z Light.Gamepad.AddMappingsFromFile(missing) = -1 ok
build-windows	Run Windows runtime smoke scripts	2026-05-09T22:16:24.9398762Z Light.Gamepad.GetMapping(nil) boundary ok
build-windows	Run Windows runtime smoke scripts	2026-05-09T22:16:24.9399094Z Light.Gamepad.GetMappingForGUID(zero) ok: Mapping not available
build-windows	Run Windows runtime smoke scripts	2026-05-09T22:16:24.9399433Z Light.Gamepad.Get*From* invalid lookup ok
build-windows	Run Windows runtime smoke scripts	2026-05-09T22:16:24.9399684Z Light.Gamepad per-handle (nil) boundary ok
build-windows	Run Windows runtime smoke scripts	2026-05-09T22:16:24.9399933Z Light.Gamepad events api callable ok
build-windows	Run Windows runtime smoke scripts	2026-05-09T22:16:24.9400405Z Light.Gamepad TYPE string roundtrip ok
build-windows	Run Windows runtime smoke scripts	2026-05-09T22:16:24.9400702Z Light.Gamepad BUTTON string roundtrip ok ('a' <-> SOUTH; 'a')
build-windows	Run Windows runtime smoke scripts	2026-05-09T22:16:24.9401009Z Light.Gamepad AXIS string roundtrip ok
build-windows	Run Windows runtime smoke scripts	2026-05-09T22:16:24.9401261Z Light.Gamepad invalid string -> invalid enum ok
build-windows	Run Windows runtime smoke scripts	2026-05-09T22:16:24.9401520Z Light.Gamepad BUTTON_LABEL ok
build-windows	Run Windows runtime smoke scripts	2026-05-09T22:16:24.9401730Z Light.Gamepad touchpad (nil) boundary ok
build-windows	Run Windows runtime smoke scripts	2026-05-09T22:16:24.9401974Z Light.Gamepad sensor (nil) boundary ok
build-windows	Run Windows runtime smoke scripts	2026-05-09T22:16:24.9402201Z Light.Gamepad effects (nil) boundary ok
build-windows	Run Windows runtime smoke scripts	2026-05-09T22:16:24.9402441Z gamepad smoke ok (Phase G + Phase AJ)
build-windows	Run Windows runtime smoke scripts	2026-05-09T22:16:24.9748994Z [W][2026-05-09][22:16:24] FFmpeg DLLs not found (avformat=0000000000000000, avcodec=0000000000000000, avutil=0000000000000000)
build-windows	Run Windows runtime smoke scripts	2026-05-09T22:16:24.9767071Z [Light] Engine loaded: 92 modules from D:\a\ChocoLightEngine\ChocoLightEngine\lumen-master\build\src\light\Release\Light.dll
build-windows	Run Windows runtime smoke scripts	2026-05-09T22:16:25.0338995Z Light.Guid module ok
build-windows	Run Windows runtime smoke scripts	2026-05-09T22:16:25.0339680Z Light.Guid.ToString length boundary ok: raw bytes length must be 16, got 5
build-windows	Run Windows runtime smoke scripts	2026-05-09T22:16:25.0340648Z Light.Guid.ToString >16 boundary ok: raw bytes length must be 16, got 32
build-windows	Run Windows runtime smoke scripts	2026-05-09T22:16:25.0341404Z Light.Guid.ToString zero -> 00000000000000000000000000000000
build-windows	Run Windows runtime smoke scripts	2026-05-09T22:16:25.0342104Z Light.Guid.{To,From}String roundtrip ok: 0123456789abcdef0123456789abcdef
build-windows	Run Windows runtime smoke scripts	2026-05-09T22:16:25.0342753Z Light.System module ok (8 functions)
build-windows	Run Windows runtime smoke scripts	2026-05-09T22:16:25.0343184Z Light.System.GetPlatform = Windows
build-windows	Run Windows runtime smoke scripts	2026-05-09T22:16:25.0343567Z Light.System.GetSDLVersion = 3.2.30
build-windows	Run Windows runtime smoke scripts	2026-05-09T22:16:25.0344032Z Light.System.GetSDLRevision len=25
build-windows	Run Windows runtime smoke scripts	2026-05-09T22:16:25.0344503Z Light.System.GetSystemRAM = 16378 MB
build-windows	Run Windows runtime smoke scripts	2026-05-09T22:16:25.0344994Z Light.System.GetLogicalCPUCores = 4
build-windows	Run Windows runtime smoke scripts	2026-05-09T22:16:25.0345581Z Light.System.GetCPUCacheLineSize = 64
build-windows	Run Windows runtime smoke scripts	2026-05-09T22:16:25.0346068Z Light.System.GetSIMDAlignment = 32
build-windows	Run Windows runtime smoke scripts	2026-05-09T22:16:25.0346526Z Light.System.GetCPUFeatures sse2=true avx=true avx2=true neon=false
build-windows	Run Windows runtime smoke scripts	2026-05-09T22:16:25.0347000Z guid_system smoke ok
build-windows	Run Windows runtime smoke scripts	2026-05-09T22:16:25.0695254Z [W][2026-05-09][22:16:25] FFmpeg DLLs not found (avformat=0000000000000000, avcodec=0000000000000000, avutil=0000000000000000)
build-windows	Run Windows runtime smoke scripts	2026-05-09T22:16:25.0712986Z [Light] Engine loaded: 92 modules from D:\a\ChocoLightEngine\ChocoLightEngine\lumen-master\build\src\light\Release\Light.dll
build-windows	Run Windows runtime smoke scripts	2026-05-09T22:16:25.1485998Z Light.Tray module ok (20 functions)
build-windows	Run Windows runtime smoke scripts	2026-05-09T22:16:25.1486549Z Light.Tray.Destroy(nil) boundary ok: invalid tray handle
build-windows	Run Windows runtime smoke scripts	2026-05-09T22:16:25.1487024Z Light.Tray.SetTooltip(nil) boundary ok: invalid tray handle
build-windows	Run Windows runtime smoke scripts	2026-05-09T22:16:25.1487471Z Light.Tray.GetMenu(nil) boundary ok: invalid tray handle
build-windows	Run Windows runtime smoke scripts	2026-05-09T22:16:25.1488320Z Light.Tray.SetIconFromFile(nil) boundary ok: invalid tray handle
build-windows	Run Windows runtime smoke scripts	2026-05-09T22:16:25.1488947Z Light.Tray.AddButton(nil) boundary ok: invalid menu handle
build-windows	Run Windows runtime smoke scripts	2026-05-09T22:16:25.1489512Z Light.Tray.GetEntryLabel(nil) boundary ok: invalid entry handle
build-windows	Run Windows runtime smoke scripts	2026-05-09T22:16:25.1490227Z Light.Tray.GetEntry{Enabled,Checked}(nil) boundary ok
build-windows	Run Windows runtime smoke scripts	2026-05-09T22:16:25.1490730Z Light.Tray.WasClicked(nil) = 0 ok
build-windows	Run Windows runtime smoke scripts	2026-05-09T22:16:25.1491345Z Light.Tray.SetClickCallback(nil entry) boundary ok: invalid entry handle
build-windows	Run Windows runtime smoke scripts	2026-05-09T22:16:25.1492510Z Light.Tray.SetClickCallback(nil, nil) boundary ok: invalid entry handle
build-windows	Run Windows runtime smoke scripts	2026-05-09T22:16:25.1493022Z Light.Tray.PollCallbacks (empty) = 0 ok
build-windows	Run Windows runtime smoke scripts	2026-05-09T22:16:25.1493338Z Light.Tray.Update() ok
build-windows	Run Windows runtime smoke scripts	2026-05-09T22:16:25.1493606Z Light.Tray.Create succeeded (handle alive)
build-windows	Run Windows runtime smoke scripts	2026-05-09T22:16:25.1493926Z Light.Tray.SetTooltip(tray) ok
build-windows	Run Windows runtime smoke scripts	2026-05-09T22:16:25.1494629Z Light.Tray.SetIconFromFile(missing file) boundary ok: failed to load image 'this_file_definitely_does_not_exist_xyz.png': can't fopen
build-windows	Run Windows runtime smoke scripts	2026-05-09T22:16:25.1495384Z Light.Tray.GetMenu ok (menu handle alive)
build-windows	Run Windows runtime smoke scripts	2026-05-09T22:16:25.1495686Z Light.Tray.AddButton ok
build-windows	Run Windows runtime smoke scripts	2026-05-09T22:16:25.1495947Z Light.Tray.SetClickCallback(btn, fn) ok
build-windows	Run Windows runtime smoke scripts	2026-05-09T22:16:25.1496292Z Light.Tray.PollCallbacks (no real click) = 0 ok
build-windows	Run Windows runtime smoke scripts	2026-05-09T22:16:25.1497082Z Light.Tray.SetClickCallback(string) type error ok: callback must be a function or nil
build-windows	Run Windows runtime smoke scripts	2026-05-09T22:16:25.1497649Z Light.Tray.SetClickCallback(btn, nil) unregister ok
build-windows	Run Windows runtime smoke scripts	2026-05-09T22:16:25.1498223Z Light.Tray.GetEntryEnabled returns boolean (value=false, SDL3 Win upstream bug tolerated)
build-windows	Run Windows runtime smoke scripts	2026-05-09T22:16:25.1498835Z Light.Tray.{Set,Get}EntryLabel roundtrip = Quit (renamed)
build-windows	Run Windows runtime smoke scripts	2026-05-09T22:16:25.1499227Z Light.Tray.SetEntryEnabled(false) call ok
build-windows	Run Windows runtime smoke scripts	2026-05-09T22:16:25.1499548Z Light.Tray.{Add,Set,Get}Checkbox ok
build-windows	Run Windows runtime smoke scripts	2026-05-09T22:16:25.1499840Z Light.Tray.AddSeparator ok
build-windows	Run Windows runtime smoke scripts	2026-05-09T22:16:25.1500129Z Light.Tray.AddSubmenu ok (entry + submenu handles)
build-windows	Run Windows runtime smoke scripts	2026-05-09T22:16:25.1500390Z Light.Tray.Destroy ok
build-windows	Run Windows runtime smoke scripts	2026-05-09T22:16:25.1500557Z tray smoke ok
build-windows	Run Windows runtime smoke scripts	2026-05-09T22:16:25.2002258Z [W][2026-05-09][22:16:25] FFmpeg DLLs not found (avformat=0000000000000000, avcodec=0000000000000000, avutil=0000000000000000)
build-windows	Run Windows runtime smoke scripts	2026-05-09T22:16:25.2029685Z [Light] Engine loaded: 92 modules from D:\a\ChocoLightEngine\ChocoLightEngine\lumen-master\build\src\light\Release\Light.dll
build-windows	Run Windows runtime smoke scripts	2026-05-09T22:16:25.2607505Z Light.Hidapi module ok (17 functions)
build-windows	Run Windows runtime smoke scripts	2026-05-09T22:16:25.2608101Z Light.Hidapi.Init ok
build-windows	Run Windows runtime smoke scripts	2026-05-09T22:16:25.2608532Z Light.Hidapi.DeviceChangeCount = 1
build-windows	Run Windows runtime smoke scripts	2026-05-09T22:16:25.2608918Z Light.Hidapi.Enumerate ok (0 devices)
build-windows	Run Windows runtime smoke scripts	2026-05-09T22:16:25.2609367Z Light.Hidapi.Enumerate(0xDEAD, 0xBEEF) ok (0 devices, expected 0)
build-windows	Run Windows runtime smoke scripts	2026-05-09T22:16:25.2610439Z Light.Hidapi.Open(0xDEAD, 0xBEEF) boundary ok: No HID devices with requested VID/PID found in the system.
build-windows	Run Windows runtime smoke scripts	2026-05-09T22:16:25.2612004Z Light.Hidapi.OpenPath(missing) boundary ok: open_device: (0x00000003) The system cannot find the path specified.
build-windows	Run Windows runtime smoke scripts	2026-05-09T22:16:25.2612920Z Light.Hidapi.Close(nil) boundary ok: invalid hid device handle
build-windows	Run Windows runtime smoke scripts	2026-05-09T22:16:25.2613621Z Light.Hidapi.Write(nil) boundary ok: invalid hid device handle
build-windows	Run Windows runtime smoke scripts	2026-05-09T22:16:25.2614256Z Light.Hidapi.Read(nil) boundary ok: invalid hid device handle
build-windows	Run Windows runtime smoke scripts	2026-05-09T22:16:25.2614821Z Light.Hidapi.ReadTimeout(nil) boundary ok: invalid hid device handle
build-windows	Run Windows runtime smoke scripts	2026-05-09T22:16:25.2615404Z Light.Hidapi.SetNonblocking(nil) boundary ok: invalid hid device handle
build-windows	Run Windows runtime smoke scripts	2026-05-09T22:16:25.2616022Z Light.Hidapi.GetManufacturerString(nil) boundary ok: invalid hid device handle
build-windows	Run Windows runtime smoke scripts	2026-05-09T22:16:25.2616507Z Light.Hidapi.Exit ok
build-windows	Run Windows runtime smoke scripts	2026-05-09T22:16:25.2616719Z hidapi smoke ok
build-windows	Run Windows runtime smoke scripts	2026-05-09T22:16:25.2976590Z [W][2026-05-09][22:16:25] FFmpeg DLLs not found (avformat=0000000000000000, avcodec=0000000000000000, avutil=0000000000000000)
build-windows	Run Windows runtime smoke scripts	2026-05-09T22:16:25.2994577Z [Light] Engine loaded: 92 modules from D:\a\ChocoLightEngine\ChocoLightEngine\lumen-master\build\src\light\Release\Light.dll
build-windows	Run Windows runtime smoke scripts	2026-05-09T22:16:25.3630428Z Light.Haptic module ok (22 Phase G functions)
build-windows	Run Windows runtime smoke scripts	2026-05-09T22:16:25.3631486Z Light.Haptic Phase AK fns ok (10 functions)
build-windows	Run Windows runtime smoke scripts	2026-05-09T22:16:25.3632150Z Light.Haptic constants ok (25 consts, INFINITY=4.29497e+09)
build-windows	Run Windows runtime smoke scripts	2026-05-09T22:16:25.3632797Z Light.Haptic.IsMouseHaptic = false
build-windows	Run Windows runtime smoke scripts	2026-05-09T22:16:25.3633210Z Light.Haptic.GetHaptics ok (0 devices)
build-windows	Run Windows runtime smoke scripts	2026-05-09T22:16:25.3634101Z Light.Haptic.Open(0xDEADBEEF) boundary ok: Haptic device 3735928559 not found
build-windows	Run Windows runtime smoke scripts	2026-05-09T22:16:25.3635012Z Light.Haptic dev-query fns boundary ok (6 fns return nil+err on nil handle)
build-windows	Run Windows runtime smoke scripts	2026-05-09T22:16:25.3635925Z Light.Haptic dev-action fns boundary ok (9 fns return false+err on nil handle)
build-windows	Run Windows runtime smoke scripts	2026-05-09T22:16:25.3636519Z Light.Haptic.RumbleSupported(nil) boundary ok
build-windows	Run Windows runtime smoke scripts	2026-05-09T22:16:25.3637102Z Light.Haptic.PlayRumble(nil,nil,nil) safe boundary ok
build-windows	Run Windows runtime smoke scripts	2026-05-09T22:16:25.3637936Z Light.Haptic.OpenFromJoystick(nil) boundary ok: invalid joystick handle
build-windows	Run Windows runtime smoke scripts	2026-05-09T22:16:25.3638709Z Light.Haptic.IsJoystickHaptic(nil) = false ok
build-windows	Run Windows runtime smoke scripts	2026-05-09T22:16:25.3639431Z Light.Haptic.GetHapticFromID(invalid) boundary ok: Haptic device 3735928559 not found
build-windows	Run Windows runtime smoke scripts	2026-05-09T22:16:25.3640210Z Light.Haptic.EffectSupported(nil) = false ok
build-windows	Run Windows runtime smoke scripts	2026-05-09T22:16:25.3640893Z Light.Haptic.CreateEffect(nil) boundary ok: invalid haptic handle
build-windows	Run Windows runtime smoke scripts	2026-05-09T22:16:25.3641540Z Light.Haptic.UpdateEffect(nil) boundary ok: invalid haptic handle
build-windows	Run Windows runtime smoke scripts	2026-05-09T22:16:25.3642338Z Light.Haptic.RunEffect(nil) boundary ok: invalid haptic handle
build-windows	Run Windows runtime smoke scripts	2026-05-09T22:16:25.3642898Z Light.Haptic.RunEffect(nil, INFINITY) safe ok: invalid haptic handle
build-windows	Run Windows runtime smoke scripts	2026-05-09T22:16:25.3643471Z Light.Haptic.StopEffect(nil) boundary ok: invalid haptic handle
build-windows	Run Windows runtime smoke scripts	2026-05-09T22:16:25.3644314Z Light.Haptic.DestroyEffect(nil) silent ok
build-windows	Run Windows runtime smoke scripts	2026-05-09T22:16:25.3644745Z Light.Haptic.GetEffectStatus(nil) = false ok
build-windows	Run Windows runtime smoke scripts	2026-05-09T22:16:25.3645050Z Light.Haptic 12 effect types all parsable (no lua error) ok
build-windows	Run Windows runtime smoke scripts	2026-05-09T22:16:25.3645376Z Light.Haptic EffectSupported(nil, garbage) safe ok
build-windows	Run Windows runtime smoke scripts	2026-05-09T22:16:25.3645633Z Light.Haptic.Quit ok
build-windows	Run Windows runtime smoke scripts	2026-05-09T22:16:25.3645828Z haptic smoke ok (Phase G + Phase AK)
build-windows	Run Windows runtime smoke scripts	2026-05-09T22:16:25.4008891Z [W][2026-05-09][22:16:25] FFmpeg DLLs not found (avformat=0000000000000000, avcodec=0000000000000000, avutil=0000000000000000)
build-windows	Run Windows runtime smoke scripts	2026-05-09T22:16:25.4026542Z [Light] Engine loaded: 92 modules from D:\a\ChocoLightEngine\ChocoLightEngine\lumen-master\build\src\light\Release\Light.dll
build-windows	Run Windows runtime smoke scripts	2026-05-09T22:16:25.4598080Z Light.Dialog module ok (6 functions)
build-windows	Run Windows runtime smoke scripts	2026-05-09T22:16:25.4598558Z Light.Dialog.IsSupported = true
build-windows	Run Windows runtime smoke scripts	2026-05-09T22:16:25.4599073Z Light.Dialog.ShowOpenFile(number) boundary ok: opts must be a table or nil
build-windows	Run Windows runtime smoke scripts	2026-05-09T22:16:25.4599774Z Light.Dialog.ShowSaveFile(bool) boundary ok: opts must be a table or nil
build-windows	Run Windows runtime smoke scripts	2026-05-09T22:16:25.4600460Z Light.Dialog.ShowOpenFolder(string) boundary ok: opts must be a table or nil
build-windows	Run Windows runtime smoke scripts	2026-05-09T22:16:25.4601300Z Light.Dialog.ShowOpenFile(nil, string) callback type check ok: callback must be a function or nil
build-windows	Run Windows runtime smoke scripts	2026-05-09T22:16:25.4602277Z Light.Dialog.ShowSaveFile(nil, number) callback type check ok: callback must be a function or nil
build-windows	Run Windows runtime smoke scripts	2026-05-09T22:16:25.4603232Z Light.Dialog.ShowOpenFile(filters=string) boundary ok: opts.filters must be a table
build-windows	Run Windows runtime smoke scripts	2026-05-09T22:16:25.4604246Z Light.Dialog.ShowOpenFile(filters={string}) boundary ok: opts.filters[1] must be a table {name, pattern}
build-windows	Run Windows runtime smoke scripts	2026-05-09T22:16:25.4604937Z Light.Dialog.PollResult(non-existent) = nil ok
build-windows	Run Windows runtime smoke scripts	2026-05-09T22:16:25.4605359Z Light.Dialog.PollResult(-1) = nil ok
build-windows	Run Windows runtime smoke scripts	2026-05-09T22:16:25.4605690Z Light.Dialog.PollEvents (empty) = 0 ok
build-windows	Run Windows runtime smoke scripts	2026-05-09T22:16:25.4606031Z Light.Dialog.PollEvents (repeat) = 0 ok
build-windows	Run Windows runtime smoke scripts	2026-05-09T22:16:25.4606459Z Light.Dialog.PollResult(non-int) raises lua error as expected
build-windows	Run Windows runtime smoke scripts	2026-05-09T22:16:25.4606962Z dialog smoke ok (boundary-only; no real dialog launched)
build-windows	Run Windows runtime smoke scripts	2026-05-09T22:16:25.4954262Z [W][2026-05-09][22:16:25] FFmpeg DLLs not found (avformat=0000000000000000, avcodec=0000000000000000, avutil=0000000000000000)
build-windows	Run Windows runtime smoke scripts	2026-05-09T22:16:25.4971968Z [Light] Engine loaded: 92 modules from D:\a\ChocoLightEngine\ChocoLightEngine\lumen-master\build\src\light\Release\Light.dll
build-windows	Run Windows runtime smoke scripts	2026-05-09T22:16:25.5545749Z Light.Touch module ok (4 functions)
build-windows	Run Windows runtime smoke scripts	2026-05-09T22:16:25.5546418Z Light.Touch constants ok (MOUSE_ID=4294967295, TOUCH_ID=-1)
build-windows	Run Windows runtime smoke scripts	2026-05-09T22:16:25.5547039Z Light.Touch.GetDeviceName(string) boundary ok: id must be a number
build-windows	Run Windows runtime smoke scripts	2026-05-09T22:16:25.5547622Z Light.Touch.GetFingers(string) boundary ok: id must be a number
build-windows	Run Windows runtime smoke scripts	2026-05-09T22:16:25.5548107Z Light.Touch.GetDeviceType(non-number) = 'invalid' ok
build-windows	Run Windows runtime smoke scripts	2026-05-09T22:16:25.5548573Z Light.Touch.GetDeviceName(nil) boundary ok: id must be a number
build-windows	Run Windows runtime smoke scripts	2026-05-09T22:16:25.5549212Z Light.Touch.GetFingers(nil) boundary ok: id must be a number
build-windows	Run Windows runtime smoke scripts	2026-05-09T22:16:25.5549736Z touch smoke ok (Lua-layer only; SDL native paths exercised by samples)
build-windows	Run Windows runtime smoke scripts	2026-05-09T22:16:25.5959744Z [W][2026-05-09][22:16:25] FFmpeg DLLs not found (avformat=0000000000000000, avcodec=0000000000000000, avutil=0000000000000000)
build-windows	Run Windows runtime smoke scripts	2026-05-09T22:16:25.5988318Z [Light] Engine loaded: 92 modules from D:\a\ChocoLightEngine\ChocoLightEngine\lumen-master\build\src\light\Release\Light.dll
build-windows	Run Windows runtime smoke scripts	2026-05-09T22:16:25.6537203Z Light.Hints module ok (6 functions)
build-windows	Run Windows runtime smoke scripts	2026-05-09T22:16:25.6537728Z Light.Hints priority constants ok
build-windows	Run Windows runtime smoke scripts	2026-05-09T22:16:25.6538053Z Light.Hints.Get(TEST) initial = nil
build-windows	Run Windows runtime smoke scripts	2026-05-09T22:16:25.6538359Z Light.Hints.Set + Get round-trip ok
build-windows	Run Windows runtime smoke scripts	2026-05-09T22:16:25.6539190Z Light.Hints.SetWithPriority priority arg acceptance ok
build-windows	Run Windows runtime smoke scripts	2026-05-09T22:16:25.6539853Z Light.Hints.SetWithPriority priority blocking ok: SDL_SetHintWithPriority failed
build-windows	Run Windows runtime smoke scripts	2026-05-09T22:16:25.6540694Z Light.Hints.SetWithPriority(99) boundary ok: priority must be 0..2 or 'default'/'normal'/'override'
build-windows	Run Windows runtime smoke scripts	2026-05-09T22:16:25.6541624Z Light.Hints.SetWithPriority('invalid_name') boundary ok: priority must be 0..2 or 'default'/'normal'/'override'
build-windows	Run Windows runtime smoke scripts	2026-05-09T22:16:25.6542791Z Light.Hints.Reset ok (value cleared)
build-windows	Run Windows runtime smoke scripts	2026-05-09T22:16:25.6543118Z Light.Hints.GetBoolean semantics ok
build-windows	Run Windows runtime smoke scripts	2026-05-09T22:16:25.6543411Z Light.Hints.Set boolean coercion ok
build-windows	Run Windows runtime smoke scripts	2026-05-09T22:16:25.6543760Z Light.Hints.ResetAll call ok (side effect not asserted)
build-windows	Run Windows runtime smoke scripts	2026-05-09T22:16:25.6544154Z Light.Hints.Get(nil) boundary ok (raises)
build-windows	Run Windows runtime smoke scripts	2026-05-09T22:16:25.6544440Z hints smoke ok
build-windows	Run Windows runtime smoke scripts	2026-05-09T22:16:25.6889807Z [W][2026-05-09][22:16:25] FFmpeg DLLs not found (avformat=0000000000000000, avcodec=0000000000000000, avutil=0000000000000000)
build-windows	Run Windows runtime smoke scripts	2026-05-09T22:16:25.6907716Z [Light] Engine loaded: 92 modules from D:\a\ChocoLightEngine\ChocoLightEngine\lumen-master\build\src\light\Release\Light.dll
build-windows	Run Windows runtime smoke scripts	2026-05-09T22:16:25.7474429Z Light.Time module ok (14 functions)
build-windows	Run Windows runtime smoke scripts	2026-05-09T22:16:25.7474857Z Light.Time constants ok (3 date + 2 time)
build-windows	Run Windows runtime smoke scripts	2026-05-09T22:16:25.7475271Z ticks=0 ticks_ns=600 perf_counter=-2147483648 perf_freq=10000000
build-windows	Run Windows runtime smoke scripts	2026-05-09T22:16:25.7475675Z Delay(1) ok: dt_ms=1 dpc=15910
build-windows	Run Windows runtime smoke scripts	2026-05-09T22:16:25.7475945Z DelayNS / DelayPrecise (1us each) ok
build-windows	Run Windows runtime smoke scripts	2026-05-09T22:16:25.7476222Z Delay(-5) clamp ok
build-windows	Run Windows runtime smoke scripts	2026-05-09T22:16:25.7476597Z TimeToDateTime(utc) ok: 2026-05-09 22:16:25 (dow=6)
build-windows	Run Windows runtime smoke scripts	2026-05-09T22:16:25.7476948Z TimeToDateTime(local) ok: utc_offset=0
build-windows	Run Windows runtime smoke scripts	2026-05-09T22:16:25.7477297Z DateTime round-trip drift = 0 ns (within 1s)
build-windows	Run Windows runtime smoke scripts	2026-05-09T22:16:25.7477623Z DateTimeToTime(epoch UTC) == 0 ok
build-windows	Run Windows runtime smoke scripts	2026-05-09T22:16:25.7478126Z DateTimeToTime missing-field boundary ok: invalid dt field: year
build-windows	Run Windows runtime smoke scripts	2026-05-09T22:16:25.7479060Z DateTimeToTime(string) boundary ok: invalid dt field: dt must be a table
build-windows	Run Windows runtime smoke scripts	2026-05-09T22:16:25.7479573Z GetDaysInMonth leap-year cases ok
build-windows	Run Windows runtime smoke scripts	2026-05-09T22:16:25.7479871Z GetDayOfYear ok (0-indexed per SDL3)
build-windows	Run Windows runtime smoke scripts	2026-05-09T22:16:25.7480151Z GetDayOfWeek ok
build-windows	Run Windows runtime smoke scripts	2026-05-09T22:16:25.7480517Z GetDateTimeLocalePreferences ok: date=2 time=1
build-windows	Run Windows runtime smoke scripts	2026-05-09T22:16:25.7480981Z time smoke ok
build-windows	Run Windows runtime smoke scripts	2026-05-09T22:16:25.7830015Z [W][2026-05-09][22:16:25] FFmpeg DLLs not found (avformat=0000000000000000, avcodec=0000000000000000, avutil=0000000000000000)
build-windows	Run Windows runtime smoke scripts	2026-05-09T22:16:25.7851871Z [Light] Engine loaded: 92 modules from D:\a\ChocoLightEngine\ChocoLightEngine\lumen-master\build\src\light\Release\Light.dll
build-windows	Run Windows runtime smoke scripts	2026-05-09T22:16:25.8381160Z Light.Endian module ok (14 functions)
build-windows	Run Windows runtime smoke scripts	2026-05-09T22:16:25.8383298Z Light.Endian constants ok (BYTE_ORDER=1234 IS_LE=true)
build-windows	Run Windows runtime smoke scripts	2026-05-09T22:16:25.8383766Z Swap16 / Swap32 ok
build-windows	Run Windows runtime smoke scripts	2026-05-09T22:16:25.8384043Z Swap64 round-trip + small-case ok
build-windows	Run Windows runtime smoke scripts	2026-05-09T22:16:25.8384417Z SwapFloat round-trip ok
build-windows	Run Windows runtime smoke scripts	2026-05-09T22:16:25.8384759Z Swap*LE / Swap*BE host-order behaviour ok
build-windows	Run Windows runtime smoke scripts	2026-05-09T22:16:25.8385149Z Swap*LE / Swap*BE invariants ok
build-windows	Run Windows runtime smoke scripts	2026-05-09T22:16:25.8385513Z SwapFloatLE / SwapFloatBE round-trip ok
build-windows	Run Windows runtime smoke scripts	2026-05-09T22:16:25.8385931Z negative input masking ok
build-windows	Run Windows runtime smoke scripts	2026-05-09T22:16:25.8386287Z MostSignificantBitIndex32 ok
build-windows	Run Windows runtime smoke scripts	2026-05-09T22:16:25.8386685Z HasExactlyOneBitSet32 ok
build-windows	Run Windows runtime smoke scripts	2026-05-09T22:16:25.8387049Z endian smoke ok
build-windows	Run Windows runtime smoke scripts	2026-05-09T22:16:25.8736095Z [W][2026-05-09][22:16:25] FFmpeg DLLs not found (avformat=0000000000000000, avcodec=0000000000000000, avutil=0000000000000000)
build-windows	Run Windows runtime smoke scripts	2026-05-09T22:16:25.8754848Z [Light] Engine loaded: 92 modules from D:\a\ChocoLightEngine\ChocoLightEngine\lumen-master\build\src\light\Release\Light.dll
build-windows	Run Windows runtime smoke scripts	2026-05-09T22:16:25.8761223Z ERROR: user-payload with 100% literal %s and %d
build-windows	Run Windows runtime smoke scripts	2026-05-09T22:16:25.8761746Z ERROR: user-payload with 100% literal %s and %d
build-windows	Run Windows runtime smoke scripts	2026-05-09T22:16:25.8762092Z user-payload with 100% literal %s and %d
build-windows	Run Windows runtime smoke scripts	2026-05-09T22:16:25.9291508Z Light.Log module ok (14 functions)
build-windows	Run Windows runtime smoke scripts	2026-05-09T22:16:25.9292102Z Light.Log priority constants ok (8)
build-windows	Run Windows runtime smoke scripts	2026-05-09T22:16:25.9292878Z Light.Log category constants ok (11)
build-windows	Run Windows runtime smoke scripts	2026-05-09T22:16:25.9293254Z Get/SetPriority round-trip ok (custom user category)
build-windows	Run Windows runtime smoke scripts	2026-05-09T22:16:25.9293657Z SetPriorities + ResetPriorities path ok
build-windows	Run Windows runtime smoke scripts	2026-05-09T22:16:25.9294053Z SetPriorityPrefix (nil + empty) ok
build-windows	Run Windows runtime smoke scripts	2026-05-09T22:16:25.9294467Z Emit levels (with embedded '%') exercised without crash
build-windows	Run Windows runtime smoke scripts	2026-05-09T22:16:25.9294929Z SetPriority(99) boundary raises ok
build-windows	Run Windows runtime smoke scripts	2026-05-09T22:16:25.9295213Z SetPriority(-1) boundary raises ok
build-windows	Run Windows runtime smoke scripts	2026-05-09T22:16:25.9295543Z GetPriority(-7) boundary raises ok
build-windows	Run Windows runtime smoke scripts	2026-05-09T22:16:25.9295881Z Log(nil) boundary raises ok
build-windows	Run Windows runtime smoke scripts	2026-05-09T22:16:25.9296115Z log smoke ok
build-windows	Run Windows runtime smoke scripts	2026-05-09T22:16:25.9658165Z [W][2026-05-09][22:16:25] FFmpeg DLLs not found (avformat=0000000000000000, avcodec=0000000000000000, avutil=0000000000000000)
build-windows	Run Windows runtime smoke scripts	2026-05-09T22:16:25.9676001Z [Light] Engine loaded: 92 modules from D:\a\ChocoLightEngine\ChocoLightEngine\lumen-master\build\src\light\Release\Light.dll
build-windows	Run Windows runtime smoke scripts	2026-05-09T22:16:26.0343869Z Light.Pixels module ok (12 functions)
build-windows	Run Windows runtime smoke scripts	2026-05-09T22:16:26.0344650Z Light.Pixels constants ok (sample of 30+ pixel formats / 10 colorspaces)
build-windows	Run Windows runtime smoke scripts	2026-05-09T22:16:26.0345193Z GetPixelFormatName ok
build-windows	Run Windows runtime smoke scripts	2026-05-09T22:16:26.0345627Z GetMasksForPixelFormat(RGBA8888) ok: bpp=32 Rmask=0xFF000000 Amask=0xFF
build-windows	Run Windows runtime smoke scripts	2026-05-09T22:16:26.0346249Z GetPixelFormatForMasks round-trip ok
build-windows	Run Windows runtime smoke scripts	2026-05-09T22:16:26.0346703Z GetPixelFormatDetails ok
build-windows	Run Windows runtime smoke scripts	2026-05-09T22:16:26.0347034Z MapRGBA + GetRGBA round-trip ok (px=0xAABBCCDD)
build-windows	Run Windows runtime smoke scripts	2026-05-09T22:16:26.0347403Z MapRGB ok (alpha defaults to 255)
build-windows	Run Windows runtime smoke scripts	2026-05-09T22:16:26.0347817Z 8-bit channel clamping ok
build-windows	Run Windows runtime smoke scripts	2026-05-09T22:16:26.0348144Z RGB565 lossy round-trip ok (white -> 255/255/255)
build-windows	Run Windows runtime smoke scripts	2026-05-09T22:16:26.0348637Z SetPaletteColors (named + positional) ok
build-windows	Run Windows runtime smoke scripts	2026-05-09T22:16:26.0349130Z INDEX8 MapRGBA via palette ok
build-windows	Run Windows runtime smoke scripts	2026-05-09T22:16:26.0349417Z INDEX8 GetRGBA via palette ok
build-windows	Run Windows runtime smoke scripts	2026-05-09T22:16:26.0349691Z DestroyPalette ok
build-windows	Run Windows runtime smoke scripts	2026-05-09T22:16:26.0349926Z DestroyPalette(nil) no-op ok
build-windows	Run Windows runtime smoke scripts	2026-05-09T22:16:26.0350259Z CreatePalette(0) boundary ok: ncolors must be > 0
build-windows	Run Windows runtime smoke scripts	2026-05-09T22:16:26.0350684Z CreatePalette(-5) boundary ok: ncolors must be > 0
build-windows	Run Windows runtime smoke scripts	2026-05-09T22:16:26.0351062Z PaletteSize(non-handle) raises ok
build-windows	Run Windows runtime smoke scripts	2026-05-09T22:16:26.0351352Z pixels smoke ok
build-windows	Run Windows runtime smoke scripts	2026-05-09T22:16:26.0695764Z [W][2026-05-09][22:16:26] FFmpeg DLLs not found (avformat=0000000000000000, avcodec=0000000000000000, avutil=0000000000000000)
build-windows	Run Windows runtime smoke scripts	2026-05-09T22:16:26.0714027Z [Light] Engine loaded: 92 modules from D:\a\ChocoLightEngine\ChocoLightEngine\lumen-master\build\src\light\Release\Light.dll
build-windows	Run Windows runtime smoke scripts	2026-05-09T22:16:26.1240757Z Light.BlendMode module ok (1 function)
build-windows	Run Windows runtime smoke scripts	2026-05-09T22:16:26.1241305Z Light.BlendMode preset constants ok (8)
build-windows	Run Windows runtime smoke scripts	2026-05-09T22:16:26.1241729Z Light.BlendMode operation constants ok (5)
build-windows	Run Windows runtime smoke scripts	2026-05-09T22:16:26.1242423Z Light.BlendMode factor constants ok (10)
build-windows	Run Windows runtime smoke scripts	2026-05-09T22:16:26.1242739Z Compose(BLEND recipe) ok: 0x00000001
build-windows	Run Windows runtime smoke scripts	2026-05-09T22:16:26.1243017Z Compose determinism ok
build-windows	Run Windows runtime smoke scripts	2026-05-09T22:16:26.1243258Z Compose(ADD recipe) ok: 0x00000002
build-windows	Run Windows runtime smoke scripts	2026-05-09T22:16:26.1243589Z Compose(5 args) boundary raises ok
build-windows	Run Windows runtime smoke scripts	2026-05-09T22:16:26.1243969Z Compose(str arg) boundary raises ok
build-windows	Run Windows runtime smoke scripts	2026-05-09T22:16:26.1244246Z blendmode smoke ok
build-windows	Run Windows runtime smoke scripts	2026-05-09T22:16:26.1594611Z [W][2026-05-09][22:16:26] FFmpeg DLLs not found (avformat=0000000000000000, avcodec=0000000000000000, avutil=0000000000000000)
build-windows	Run Windows runtime smoke scripts	2026-05-09T22:16:26.1612899Z [Light] Engine loaded: 92 modules from D:\a\ChocoLightEngine\ChocoLightEngine\lumen-master\build\src\light\Release\Light.dll
build-windows	Run Windows runtime smoke scripts	2026-05-09T22:16:26.2241940Z Light.Filesystem module ok (10 functions)
build-windows	Run Windows runtime smoke scripts	2026-05-09T22:16:26.2242490Z Light.Filesystem constants ok (16)
build-windows	Run Windows runtime smoke scripts	2026-05-09T22:16:26.2243221Z GetBasePath ok: D:\a\ChocoLightEngine\ChocoLightEngine\lumen-master\build\src\light\Release\
build-windows	Run Windows runtime smoke scripts	2026-05-09T22:16:26.2244224Z GetCurrentDirectory ok: D:\a\ChocoLightEngine\ChocoLightEngine\
build-windows	Run Windows runtime smoke scripts	2026-05-09T22:16:26.2244895Z GetPrefPath ok: C:\Users\runneradmin\AppData\Roaming\LightCI\phase_t\
build-windows	Run Windows runtime smoke scripts	2026-05-09T22:16:26.2245724Z CreateDirectory ok: C:\Users\runneradmin\AppData\Roaming\LightCI\phase_t\phase_t_smoke
build-windows	Run Windows runtime smoke scripts	2026-05-09T22:16:26.2247000Z GetPathInfo(file) ok: type=1 size=14 modify_time=1.7783649861642e+18
build-windows	Run Windows runtime smoke scripts	2026-05-09T22:16:26.2247590Z GetPathInfo(directory) ok
build-windows	Run Windows runtime smoke scripts	2026-05-09T22:16:26.2248581Z GetPathInfo(missing) ok: Can't stat: The system cannot find the file specified.
build-windows	Run Windows runtime smoke scripts	2026-05-09T22:16:26.2249113Z CopyFile ok (size matches)
build-windows	Run Windows runtime smoke scripts	2026-05-09T22:16:26.2249355Z RenamePath ok
build-windows	Run Windows runtime smoke scripts	2026-05-09T22:16:26.2249562Z GlobDirectory ok (2 entries)
build-windows	Run Windows runtime smoke scripts	2026-05-09T22:16:26.2249827Z GlobDirectory CASEINSENSITIVE ok
build-windows	Run Windows runtime smoke scripts	2026-05-09T22:16:26.2250115Z RemovePath ok (cleanup complete)
build-windows	Run Windows runtime smoke scripts	2026-05-09T22:16:26.2250486Z GetUserFolder(999) boundary ok: folder 999 out of range [0..10]
build-windows	Run Windows runtime smoke scripts	2026-05-09T22:16:26.2250925Z CreateDirectory(empty) returns boolean: false
build-windows	Run Windows runtime smoke scripts	2026-05-09T22:16:26.2251280Z GetPathInfo(missing absolute) boundary ok
build-windows	Run Windows runtime smoke scripts	2026-05-09T22:16:26.2251581Z filesystem smoke ok
build-windows	Run Windows runtime smoke scripts	2026-05-09T22:16:26.2595599Z [W][2026-05-09][22:16:26] FFmpeg DLLs not found (avformat=0000000000000000, avcodec=0000000000000000, avutil=0000000000000000)
build-windows	Run Windows runtime smoke scripts	2026-05-09T22:16:26.2612644Z [Light] Engine loaded: 92 modules from D:\a\ChocoLightEngine\ChocoLightEngine\lumen-master\build\src\light\Release\Light.dll
build-windows	Run Windows runtime smoke scripts	2026-05-09T22:16:26.3193397Z Light.CPUInfo module ok (18 functions)
build-windows	Run Windows runtime smoke scripts	2026-05-09T22:16:26.3193928Z CACHELINE_SIZE constant ok
build-windows	Run Windows runtime smoke scripts	2026-05-09T22:16:26.3194388Z GetNumLogicalCPUCores ok: 4
build-windows	Run Windows runtime smoke scripts	2026-05-09T22:16:26.3194789Z GetCPUCacheLineSize ok: 64 bytes
build-windows	Run Windows runtime smoke scripts	2026-05-09T22:16:26.3195098Z GetSystemRAM ok: 16378 MB
build-windows	Run Windows runtime smoke scripts	2026-05-09T22:16:26.3195371Z GetSIMDAlignment ok: 32 bytes
build-windows	Run Windows runtime smoke scripts	2026-05-09T22:16:26.3196344Z CPU features: AltiVec=false, MMX=true, SSE=true, SSE2=true, SSE3=true, SSE41=true, SSE42=true, AVX=true, AVX2=true, AVX512F=false, ARMSIMD=false, NEON=false, LSX=false, LASX=false
build-windows	Run Windows runtime smoke scripts	2026-05-09T22:16:26.3197545Z SSE/AVX feature ordering implications hold
build-windows	Run Windows runtime smoke scripts	2026-05-09T22:16:26.3197958Z CPU probes deterministic
build-windows	Run Windows runtime smoke scripts	2026-05-09T22:16:26.3198288Z cpuinfo smoke ok
build-windows	Run Windows runtime smoke scripts	2026-05-09T22:16:26.3547196Z [W][2026-05-09][22:16:26] FFmpeg DLLs not found (avformat=0000000000000000, avcodec=0000000000000000, avutil=0000000000000000)
build-windows	Run Windows runtime smoke scripts	2026-05-09T22:16:26.3565283Z [Light] Engine loaded: 92 modules from D:\a\ChocoLightEngine\ChocoLightEngine\lumen-master\build\src\light\Release\Light.dll
build-windows	Run Windows runtime smoke scripts	2026-05-09T22:16:26.4145104Z Light.Error module ok (6 functions)
build-windows	Run Windows runtime smoke scripts	2026-05-09T22:16:26.4145582Z Set + Get round-trip ok
build-windows	Run Windows runtime smoke scripts	2026-05-09T22:16:26.4145894Z Set ignores % printf escapes (safe pass-through)
build-windows	Run Windows runtime smoke scripts	2026-05-09T22:16:26.4146214Z Clear ok
build-windows	Run Windows runtime smoke scripts	2026-05-09T22:16:26.4146415Z OutOfMemory ok: Out of memory
build-windows	Run Windows runtime smoke scripts	2026-05-09T22:16:26.4146717Z Unsupported ok: That operation is not supported
build-windows	Run Windows runtime smoke scripts	2026-05-09T22:16:26.4147097Z InvalidParam ok: Parameter 'widget_id' is invalid
build-windows	Run Windows runtime smoke scripts	2026-05-09T22:16:26.4147425Z Set('') boundary ok
build-windows	Run Windows runtime smoke scripts	2026-05-09T22:16:26.4148033Z long Set (1024 X's) keeps 1024 chars
build-windows	Run Windows runtime smoke scripts	2026-05-09T22:16:26.4148297Z error smoke ok
build-windows	Run Windows runtime smoke scripts	2026-05-09T22:16:26.4495201Z [W][2026-05-09][22:16:26] FFmpeg DLLs not found (avformat=0000000000000000, avcodec=0000000000000000, avutil=0000000000000000)
build-windows	Run Windows runtime smoke scripts	2026-05-09T22:16:26.4513327Z [Light] Engine loaded: 92 modules from D:\a\ChocoLightEngine\ChocoLightEngine\lumen-master\build\src\light\Release\Light.dll
build-windows	Run Windows runtime smoke scripts	2026-05-09T22:16:26.5097491Z Light.Loadso module ok (3 functions)
build-windows	Run Windows runtime smoke scripts	2026-05-09T22:16:26.5098453Z LoadObject(missing) returns nil,err ok: Failed loading zz_definitely_does_not_exist_xyz_1778364986: The specified module could not be found.
build-windows	Run Windows runtime smoke scripts	2026-05-09T22:16:26.5099475Z LoadObject ok: D:\a\ChocoLightEngine\ChocoLightEngine\lumen-master\build\src\light\Release\Light.dll
build-windows	Run Windows runtime smoke scripts	2026-05-09T22:16:26.5100211Z LoadFunction(luaopen_Light_Loadso) ok
build-windows	Run Windows runtime smoke scripts	2026-05-09T22:16:26.5100911Z LoadFunction(missing) ok: Failed loading this_symbol_does_not_exist_zzz: The specified procedure could not be found.
build-windows	Run Windows runtime smoke scripts	2026-05-09T22:16:26.5101705Z LoadFunction(non-handle) raises ok
build-windows	Run Windows runtime smoke scripts	2026-05-09T22:16:26.5102101Z UnloadObject ok
build-windows	Run Windows runtime smoke scripts	2026-05-09T22:16:26.5102389Z UnloadObject(nil) no-op ok
build-windows	Run Windows runtime smoke scripts	2026-05-09T22:16:26.5102622Z loadso smoke ok
build-windows	Run Windows runtime smoke scripts	2026-05-09T22:16:26.5446725Z [W][2026-05-09][22:16:26] FFmpeg DLLs not found (avformat=0000000000000000, avcodec=0000000000000000, avutil=0000000000000000)
build-windows	Run Windows runtime smoke scripts	2026-05-09T22:16:26.5464358Z [Light] Engine loaded: 92 modules from D:\a\ChocoLightEngine\ChocoLightEngine\lumen-master\build\src\light\Release\Light.dll
build-windows	Run Windows runtime smoke scripts	2026-05-09T22:16:26.5990400Z Light.Version module ok (4 functions)
build-windows	Run Windows runtime smoke scripts	2026-05-09T22:16:26.5990983Z HEADER constants ok: 3.2.30 (encoded 3002030)
build-windows	Run Windows runtime smoke scripts	2026-05-09T22:16:26.5991307Z GetVersion ok: encoded=3002030
build-windows	Run Windows runtime smoke scripts	2026-05-09T22:16:26.5991634Z GetRevision ok: 'SDL-3.2.30-release-3.2.30' (25 chars)
build-windows	Run Windows runtime smoke scripts	2026-05-09T22:16:26.5991971Z AsTuple ok: 3.2.30
build-windows	Run Windows runtime smoke scripts	2026-05-09T22:16:26.5992183Z AsTuple(explicit) ok
build-windows	Run Windows runtime smoke scripts	2026-05-09T22:16:26.5992404Z AtLeast logical ordering ok
build-windows	Run Windows runtime smoke scripts	2026-05-09T22:16:26.5992651Z AsTuple(0) edge ok
build-windows	Run Windows runtime smoke scripts	2026-05-09T22:16:26.5992902Z version smoke ok
build-windows	Run Windows runtime smoke scripts	2026-05-09T22:16:26.6343560Z [W][2026-05-09][22:16:26] FFmpeg DLLs not found (avformat=0000000000000000, avcodec=0000000000000000, avutil=0000000000000000)
build-windows	Run Windows runtime smoke scripts	2026-05-09T22:16:26.6362576Z [Light] Engine loaded: 92 modules from D:\a\ChocoLightEngine\ChocoLightEngine\lumen-master\build\src\light\Release\Light.dll
build-windows	Run Windows runtime smoke scripts	2026-05-09T22:16:26.6900758Z Light.Properties module ok (19 functions)
build-windows	Run Windows runtime smoke scripts	2026-05-09T22:16:26.6901232Z Light.Properties constants ok (6)
build-windows	Run Windows runtime smoke scripts	2026-05-09T22:16:26.6901515Z GetGlobalProperties ok (id=1, stable)
build-windows	Run Windows runtime smoke scripts	2026-05-09T22:16:26.6901815Z CreateProperties ok (id=2)
build-windows	Run Windows runtime smoke scripts	2026-05-09T22:16:26.6902055Z String set/get round-trip ok
build-windows	Run Windows runtime smoke scripts	2026-05-09T22:16:26.6902340Z Number set/get round-trip ok (positive + negative)
build-windows	Run Windows runtime smoke scripts	2026-05-09T22:16:26.6902669Z Float set/get round-trip ok
build-windows	Run Windows runtime smoke scripts	2026-05-09T22:16:26.6902903Z Boolean set/get round-trip ok
build-windows	Run Windows runtime smoke scripts	2026-05-09T22:16:26.6903263Z Pointer set/get round-trip ok (real lightuserdata)
build-windows	Run Windows runtime smoke scripts	2026-05-09T22:16:26.6903695Z HasProperty + GetPropertyType ok
build-windows	Run Windows runtime smoke scripts	2026-05-09T22:16:26.6903972Z Default value fallback ok (5 typed getters)
build-windows	Run Windows runtime smoke scripts	2026-05-09T22:16:26.6904366Z ClearProperty ok
build-windows	Run Windows runtime smoke scripts	2026-05-09T22:16:26.6904609Z SetStringProperty(nil) deletes key ok
build-windows	Run Windows runtime smoke scripts	2026-05-09T22:16:26.6904873Z Lock/Unlock ok
build-windows	Run Windows runtime smoke scripts	2026-05-09T22:16:26.6905131Z CopyProperties ok
build-windows	Run Windows runtime smoke scripts	2026-05-09T22:16:26.6905922Z Wrong-type get silently coerces (SDL behavior, not default fallback)
build-windows	Run Windows runtime smoke scripts	2026-05-09T22:16:26.6906382Z DestroyProperties + nil/0 boundary ok
build-windows	Run Windows runtime smoke scripts	2026-05-09T22:16:26.6906673Z SetPointerProperty(non-lud) raises ok
build-windows	Run Windows runtime smoke scripts	2026-05-09T22:16:26.6906928Z properties smoke ok
build-windows	Run Windows runtime smoke scripts	2026-05-09T22:16:26.7255919Z [W][2026-05-09][22:16:26] FFmpeg DLLs not found (avformat=0000000000000000, avcodec=0000000000000000, avutil=0000000000000000)
build-windows	Run Windows runtime smoke scripts	2026-05-09T22:16:26.7274423Z [Light] Engine loaded: 92 modules from D:\a\ChocoLightEngine\ChocoLightEngine\lumen-master\build\src\light\Release\Light.dll
build-windows	Run Windows runtime smoke scripts	2026-05-09T22:16:26.7957501Z Light.Clipboard module ok (10 functions)
build-windows	Run Windows runtime smoke scripts	2026-05-09T22:16:26.7958267Z HasText returns boolean ok (value=false)
build-windows	Run Windows runtime smoke scripts	2026-05-09T22:16:26.7958788Z SetText/GetText round-trip ok (len=32)
build-windows	Run Windows runtime smoke scripts	2026-05-09T22:16:26.7959716Z GetText shape ok
build-windows	Run Windows runtime smoke scripts	2026-05-09T22:16:26.7960078Z HasPrimarySelectionText ok (value=false)
build-windows	Run Windows runtime smoke scripts	2026-05-09T22:16:26.7960611Z GetPrimarySelectionText shape ok
build-windows	Run Windows runtime smoke scripts	2026-05-09T22:16:26.7961211Z SetPrimarySelectionText returns boolean ok (value=true)
build-windows	Run Windows runtime smoke scripts	2026-05-09T22:16:26.7961770Z HasClipboardData(text/plain) ok (value=true)
build-windows	Run Windows runtime smoke scripts	2026-05-09T22:16:26.7962360Z GetClipboardData(text/plain) returned 32 bytes
build-windows	Run Windows runtime smoke scripts	2026-05-09T22:16:26.7963189Z HasClipboardData(bogus mime) returns false ok
build-windows	Run Windows runtime smoke scripts	2026-05-09T22:16:26.7963850Z GetClipboardMimeTypes ok (1 entries)
build-windows	Run Windows runtime smoke scripts	2026-05-09T22:16:26.7964543Z ClearClipboardData returns boolean ok (value=true)
build-windows	Run Windows runtime smoke scripts	2026-05-09T22:16:26.7965327Z SetText(non-coercible) raises ok
build-windows	Run Windows runtime smoke scripts	2026-05-09T22:16:26.7965740Z GetClipboardData(no arg) raises ok
build-windows	Run Windows runtime smoke scripts	2026-05-09T22:16:26.7966074Z clipboard smoke ok
build-windows	Run Windows runtime smoke scripts	2026-05-09T22:16:26.8329877Z [W][2026-05-09][22:16:26] FFmpeg DLLs not found (avformat=0000000000000000, avcodec=0000000000000000, avutil=0000000000000000)
build-windows	Run Windows runtime smoke scripts	2026-05-09T22:16:26.8348914Z [Light] Engine loaded: 92 modules from D:\a\ChocoLightEngine\ChocoLightEngine\lumen-master\build\src\light\Release\Light.dll
build-windows	Run Windows runtime smoke scripts	2026-05-09T22:16:26.9568177Z Light.Misc module ok (1 function)
build-windows	Run Windows runtime smoke scripts	2026-05-09T22:16:26.9568763Z OpenURL(empty) returned true (binding ok)
build-windows	Run Windows runtime smoke scripts	2026-05-09T22:16:26.9569268Z OpenURL(table) raises ok
build-windows	Run Windows runtime smoke scripts	2026-05-09T22:16:26.9570075Z OpenURL(no arg) raises ok
build-windows	Run Windows runtime smoke scripts	2026-05-09T22:16:26.9570470Z misc smoke ok
build-windows	Run Windows runtime smoke scripts	2026-05-09T22:16:26.9959222Z [W][2026-05-09][22:16:26] FFmpeg DLLs not found (avformat=0000000000000000, avcodec=0000000000000000, avutil=0000000000000000)
build-windows	Run Windows runtime smoke scripts	2026-05-09T22:16:26.9977955Z [Light] Engine loaded: 92 modules from D:\a\ChocoLightEngine\ChocoLightEngine\lumen-master\build\src\light\Release\Light.dll
build-windows	Run Windows runtime smoke scripts	2026-05-09T22:16:27.0502974Z Light.Rect module ok (17 functions)
build-windows	Run Windows runtime smoke scripts	2026-05-09T22:16:27.0504007Z PointInRect ok (4 cases)
build-windows	Run Windows runtime smoke scripts	2026-05-09T22:16:27.0504511Z RectEmpty ok (3 cases)
build-windows	Run Windows runtime smoke scripts	2026-05-09T22:16:27.0505102Z RectsEqual ok
build-windows	Run Windows runtime smoke scripts	2026-05-09T22:16:27.0505573Z HasRectIntersection ok
build-windows	Run Windows runtime smoke scripts	2026-05-09T22:16:27.0506135Z GetRectIntersection ok
build-windows	Run Windows runtime smoke scripts	2026-05-09T22:16:27.0506849Z GetRectUnion ok
build-windows	Run Windows runtime smoke scripts	2026-05-09T22:16:27.0507875Z GetRectEnclosingPoints (no clip) ok
build-windows	Run Windows runtime smoke scripts	2026-05-09T22:16:27.0508330Z GetRectEnclosingPoints (clip filters all) ok
build-windows	Run Windows runtime smoke scripts	2026-05-09T22:16:27.0508686Z GetRectEnclosingPoints(odd len) raises ok
build-windows	Run Windows runtime smoke scripts	2026-05-09T22:16:27.0509045Z GetRectAndLineIntersection ok
build-windows	Run Windows runtime smoke scripts	2026-05-09T22:16:27.0509405Z PointInRectFloat ok
build-windows	Run Windows runtime smoke scripts	2026-05-09T22:16:27.0509939Z RectEmptyFloat ok (3 cases, asymmetric semantics vs int version)
build-windows	Run Windows runtime smoke scripts	2026-05-09T22:16:27.0510684Z RectsEqualFloat ok
build-windows	Run Windows runtime smoke scripts	2026-05-09T22:16:27.0511079Z RectsEqualEpsilon ok
build-windows	Run Windows runtime smoke scripts	2026-05-09T22:16:27.0511512Z HasRectIntersectionFloat ok
build-windows	Run Windows runtime smoke scripts	2026-05-09T22:16:27.0512011Z GetRectIntersectionFloat ok
build-windows	Run Windows runtime smoke scripts	2026-05-09T22:16:27.0512495Z GetRectUnionFloat ok
build-windows	Run Windows runtime smoke scripts	2026-05-09T22:16:27.0513036Z GetRectEnclosingPointsFloat ok
build-windows	Run Windows runtime smoke scripts	2026-05-09T22:16:27.0513493Z GetRectAndLineIntersectionFloat ok
build-windows	Run Windows runtime smoke scripts	2026-05-09T22:16:27.0513956Z PointInRect(missing args) raises ok
build-windows	Run Windows runtime smoke scripts	2026-05-09T22:16:27.0514325Z rect smoke ok
build-windows	Run Windows runtime smoke scripts	2026-05-09T22:16:27.1046822Z [W][2026-05-09][22:16:27] FFmpeg DLLs not found (avformat=0000000000000000, avcodec=0000000000000000, avutil=0000000000000000)
build-windows	Run Windows runtime smoke scripts	2026-05-09T22:16:27.1062985Z [Light] Engine loaded: 92 modules from D:\a\ChocoLightEngine\ChocoLightEngine\lumen-master\build\src\light\Release\Light.dll
build-windows	Run Windows runtime smoke scripts	2026-05-09T22:16:27.1598794Z Light.Atomic module ok (15 functions)
build-windows	Run Windows runtime smoke scripts	2026-05-09T22:16:27.1599518Z NewSpinlock ok
build-windows	Run Windows runtime smoke scripts	2026-05-09T22:16:27.1599824Z Spinlock acquire/release/contention ok
build-windows	Run Windows runtime smoke scripts	2026-05-09T22:16:27.1600187Z Lock/UnlockSpinlock ok
build-windows	Run Windows runtime smoke scripts	2026-05-09T22:16:27.1600462Z MemoryBarriers ok (no-crash)
build-windows	Run Windows runtime smoke scripts	2026-05-09T22:16:27.1601096Z NewAtomicInt() default ok
build-windows	Run Windows runtime smoke scripts	2026-05-09T22:16:27.1601400Z NewAtomicInt(42) ok
build-windows	Run Windows runtime smoke scripts	2026-05-09T22:16:27.1601698Z SetAtomicInt returns previous ok
build-windows	Run Windows runtime smoke scripts	2026-05-09T22:16:27.1602055Z AddAtomicInt returns previous ok
build-windows	Run Windows runtime smoke scripts	2026-05-09T22:16:27.1602361Z AddAtomicInt(negative) ok
build-windows	Run Windows runtime smoke scripts	2026-05-09T22:16:27.1602712Z CompareAndSwapAtomicInt success path ok
build-windows	Run Windows runtime smoke scripts	2026-05-09T22:16:27.1603140Z CompareAndSwapAtomicInt failure path ok
build-windows	Run Windows runtime smoke scripts	2026-05-09T22:16:27.1604218Z Type safety: GetAtomicInt(spinlock) raises ok
build-windows	Run Windows runtime smoke scripts	2026-05-09T22:16:27.1604888Z Type safety: TryLockSpinlock(atomic_int) raises ok
build-windows	Run Windows runtime smoke scripts	2026-05-09T22:16:27.1605325Z NewAtomicU32() default ok
build-windows	Run Windows runtime smoke scripts	2026-05-09T22:16:27.1605639Z NewAtomicU32 large value (>= 2^31) ok
build-windows	Run Windows runtime smoke scripts	2026-05-09T22:16:27.1606396Z SetAtomicU32 returns previous ok
build-windows	Run Windows runtime smoke scripts	2026-05-09T22:16:27.1606836Z CompareAndSwapAtomicU32 ok (success + fail paths)
build-windows	Run Windows runtime smoke scripts	2026-05-09T22:16:27.1607340Z Type safety: GetAtomicU32(atomic_int) raises ok
build-windows	Run Windows runtime smoke scripts	2026-05-09T22:16:27.1607718Z atomic smoke ok
build-windows	Run Windows runtime smoke scripts	2026-05-09T22:16:27.1957178Z [W][2026-05-09][22:16:27] FFmpeg DLLs not found (avformat=0000000000000000, avcodec=0000000000000000, avutil=0000000000000000)
build-windows	Run Windows runtime smoke scripts	2026-05-09T22:16:27.1975517Z [Light] Engine loaded: 92 modules from D:\a\ChocoLightEngine\ChocoLightEngine\lumen-master\build\src\light\Release\Light.dll
build-windows	Run Windows runtime smoke scripts	2026-05-09T22:16:27.2594134Z Light.Mutex module ok (25 functions)
build-windows	Run Windows runtime smoke scripts	2026-05-09T22:16:27.2594735Z NewMutex ok
build-windows	Run Windows runtime smoke scripts	2026-05-09T22:16:27.2595166Z LockMutex/UnlockMutex round-trip ok
build-windows	Run Windows runtime smoke scripts	2026-05-09T22:16:27.2596741Z TryLockMutex(free) -> true ok
build-windows	Run Windows runtime smoke scripts	2026-05-09T22:16:27.2598322Z DestroyMutex idempotent ok
build-windows	Run Windows runtime smoke scripts	2026-05-09T22:16:27.2600514Z Use-after-destroy raises ok
build-windows	Run Windows runtime smoke scripts	2026-05-09T22:16:27.2601618Z NewRWLock ok
build-windows	Run Windows runtime smoke scripts	2026-05-09T22:16:27.2602135Z LockRWLockForReading + Unlock ok
build-windows	Run Windows runtime smoke scripts	2026-05-09T22:16:27.2602444Z LockRWLockForWriting + Unlock ok
build-windows	Run Windows runtime smoke scripts	2026-05-09T22:16:27.2603163Z TryLockRWLockForReading(free) ok
build-windows	Run Windows runtime smoke scripts	2026-05-09T22:16:27.2604010Z TryLockRWLockForWriting(free) ok
build-windows	Run Windows runtime smoke scripts	2026-05-09T22:16:27.2604402Z RWLock use-after-destroy raises ok
build-windows	Run Windows runtime smoke scripts	2026-05-09T22:16:27.2604749Z NewSemaphore(2) ok
build-windows	Run Windows runtime smoke scripts	2026-05-09T22:16:27.2605037Z TryWaitSemaphore decrement ok
build-windows	Run Windows runtime smoke scripts	2026-05-09T22:16:27.2605394Z TryWaitSemaphore(empty) -> false ok
build-windows	Run Windows runtime smoke scripts	2026-05-09T22:16:27.2605759Z SignalSemaphore ok
build-windows	Run Windows runtime smoke scripts	2026-05-09T22:16:27.2606070Z WaitSemaphoreTimeout ok (immediate variant)
build-windows	Run Windows runtime smoke scripts	2026-05-09T22:16:27.2606489Z Semaphore use-after-destroy raises ok
build-windows	Run Windows runtime smoke scripts	2026-05-09T22:16:27.2606830Z NewCondition ok
build-windows	Run Windows runtime smoke scripts	2026-05-09T22:16:27.2607113Z Signal/BroadcastCondition (no waiter) ok
build-windows	Run Windows runtime smoke scripts	2026-05-09T22:16:27.2607640Z WaitConditionTimeout(0) returned boolean ok (value=false)
build-windows	Run Windows runtime smoke scripts	2026-05-09T22:16:27.2612748Z Condition use-after-destroy raises ok
build-windows	Run Windows runtime smoke scripts	2026-05-09T22:16:27.2613651Z Type safety: LockRWLockForReading(mutex) raises ok
build-windows	Run Windows runtime smoke scripts	2026-05-09T22:16:27.2616095Z mutex smoke ok
build-windows	Run Windows runtime smoke scripts	2026-05-09T22:16:27.3000892Z [W][2026-05-09][22:16:27] FFmpeg DLLs not found (avformat=0000000000000000, avcodec=0000000000000000, avutil=0000000000000000)
build-windows	Run Windows runtime smoke scripts	2026-05-09T22:16:27.3018447Z [Light] Engine loaded: 92 modules from D:\a\ChocoLightEngine\ChocoLightEngine\lumen-master\build\src\light\Release\Light.dll
build-windows	Run Windows runtime smoke scripts	2026-05-09T22:16:27.3560542Z Light.IOStream module ok (45 fns)
build-windows	Run Windows runtime smoke scripts	2026-05-09T22:16:27.3561275Z Constants ok
build-windows	Run Windows runtime smoke scripts	2026-05-09T22:16:27.3562819Z IOFromConstMem read + seek + EOF ok
build-windows	Run Windows runtime smoke scripts	2026-05-09T22:16:27.3566057Z Use-after-close raises ok
build-windows	Run Windows runtime smoke scripts	2026-05-09T22:16:27.3567430Z Dynamic mem typed read/write round-trip ok
build-windows	Run Windows runtime smoke scripts	2026-05-09T22:16:27.3568393Z LoadFile/SaveFile binary round-trip ok
build-windows	Run Windows runtime smoke scripts	2026-05-09T22:16:27.3569084Z IOFromFile read ok
build-windows	Run Windows runtime smoke scripts	2026-05-09T22:16:27.3569541Z GetIOStatus ok
build-windows	Run Windows runtime smoke scripts	2026-05-09T22:16:27.3569939Z IOFromMem(empty) raises ok
build-windows	Run Windows runtime smoke scripts	2026-05-09T22:16:27.3570770Z iostream smoke ok
build-windows	Run Windows runtime smoke scripts	2026-05-09T22:16:27.4349598Z [W][2026-05-09][22:16:27] FFmpeg DLLs not found (avformat=0000000000000000, avcodec=0000000000000000, avutil=0000000000000000)
build-windows	Run Windows runtime smoke scripts	2026-05-09T22:16:27.4368335Z [Light] Engine loaded: 92 modules from D:\a\ChocoLightEngine\ChocoLightEngine\lumen-master\build\src\light\Release\Light.dll
build-windows	Run Windows runtime smoke scripts	2026-05-09T22:16:27.4949074Z Light.Surface module ok (37 fns)
build-windows	Run Windows runtime smoke scripts	2026-05-09T22:16:27.4949594Z Constants ok
build-windows	Run Windows runtime smoke scripts	2026-05-09T22:16:27.4949938Z CreateSurface + getters ok (4x4, fmt=373694468)
build-windows	Run Windows runtime smoke scripts	2026-05-09T22:16:27.4950423Z GetSurfaceProperties -> 1 ok
build-windows	Run Windows runtime smoke scripts	2026-05-09T22:16:27.4950855Z Lock + Write/ReadSurfacePixel round-trip ok
build-windows	Run Windows runtime smoke scripts	2026-05-09T22:16:27.4951277Z ClearSurface ok
build-windows	Run Windows runtime smoke scripts	2026-05-09T22:16:27.4951590Z FillSurfaceRect (region) ok
build-windows	Run Windows runtime smoke scripts	2026-05-09T22:16:27.4951945Z FillSurfaceRect (whole) ok
build-windows	Run Windows runtime smoke scripts	2026-05-09T22:16:27.4952316Z Color/Alpha mod round-trip ok
build-windows	Run Windows runtime smoke scripts	2026-05-09T22:16:27.4952672Z BlendMode round-trip ok
build-windows	Run Windows runtime smoke scripts	2026-05-09T22:16:27.4953401Z ColorKey round-trip ok
build-windows	Run Windows runtime smoke scripts	2026-05-09T22:16:27.4953695Z ClipRect set/get ok
build-windows	Run Windows runtime smoke scripts	2026-05-09T22:16:27.4954013Z DuplicateSurface + FlipSurface ok
build-windows	Run Windows runtime smoke scripts	2026-05-09T22:16:27.4954433Z ScaleSurface 4x4 -> 8x8 ok
build-windows	Run Windows runtime smoke scripts	2026-05-09T22:16:27.4954745Z ConvertSurface ok
build-windows	Run Windows runtime smoke scripts	2026-05-09T22:16:27.4955012Z BlitSurface variadic forms ok
build-windows	Run Windows runtime smoke scripts	2026-05-09T22:16:27.4955353Z BlitSurfaceScaled ok
build-windows	Run Windows runtime smoke scripts	2026-05-09T22:16:27.4955652Z SaveBMP/LoadBMP round-trip ok
build-windows	Run Windows runtime smoke scripts	2026-05-09T22:16:27.4956006Z SetSurfaceRLE ok (state-toggling ok)
build-windows	Run Windows runtime smoke scripts	2026-05-09T22:16:27.4956417Z Destroy idempotent + use-after raises ok
build-windows	Run Windows runtime smoke scripts	2026-05-09T22:16:27.4956790Z surface smoke ok
build-windows	Run Windows runtime smoke scripts	2026-05-09T22:16:27.5312069Z [W][2026-05-09][22:16:27] FFmpeg DLLs not found (avformat=0000000000000000, avcodec=0000000000000000, avutil=0000000000000000)
build-windows	Run Windows runtime smoke scripts	2026-05-09T22:16:27.5330888Z [Light] Engine loaded: 92 modules from D:\a\ChocoLightEngine\ChocoLightEngine\lumen-master\build\src\light\Release\Light.dll
build-windows	Run Windows runtime smoke scripts	2026-05-09T22:16:27.6004767Z Light.Keyboard module ok (15 fns)
build-windows	Run Windows runtime smoke scripts	2026-05-09T22:16:27.6383333Z Constants ok (SCANCODE_COUNT=512)
build-windows	Run Windows runtime smoke scripts	2026-05-09T22:16:27.6383744Z HasKeyboard=true, GetKeyboards count=1
build-windows	Run Windows runtime smoke scripts	2026-05-09T22:16:27.6393176Z First keyboard name: Keyboard
build-windows	Run Windows runtime smoke scripts	2026-05-09T22:16:27.6393635Z HasScreenKeyboardSupport=false
build-windows	Run Windows runtime smoke scripts	2026-05-09T22:16:27.6394133Z GetKeyboardState returned table of length 512
build-windows	Run Windows runtime smoke scripts	2026-05-09T22:16:27.6394794Z ResetKeyboard ok (all keys false)
build-windows	Run Windows runtime smoke scripts	2026-05-09T22:16:27.6395079Z Mod state round-trip ok (state=3)
build-windows	Run Windows runtime smoke scripts	2026-05-09T22:16:27.6395585Z Scancode <-> Keycode round trip ok (SCANCODE_A <-> 'a')
build-windows	Run Windows runtime smoke scripts	2026-05-09T22:16:27.6398153Z Scancode/Keycode name <-> code round-trip ok
build-windows	Run Windows runtime smoke scripts	2026-05-09T22:16:27.6398658Z SetScancodeName round-trip ok (was 'F12')
build-windows	Run Windows runtime smoke scripts	2026-05-09T22:16:27.6399094Z Unknown scancode name -> UNKNOWN ok
build-windows	Run Windows runtime smoke scripts	2026-05-09T22:16:27.6399468Z keyboard smoke ok
build-windows	Run Windows runtime smoke scripts	2026-05-09T22:16:27.6400179Z [W][2026-05-09][22:16:27] FFmpeg DLLs not found (avformat=0000000000000000, avcodec=0000000000000000, avutil=0000000000000000)
build-windows	Run Windows runtime smoke scripts	2026-05-09T22:16:27.6404806Z [Light] Engine loaded: 92 modules from D:\a\ChocoLightEngine\ChocoLightEngine\lumen-master\build\src\light\Release\Light.dll
build-windows	Run Windows runtime smoke scripts	2026-05-09T22:16:27.7078640Z Light.Mouse module ok (7 fns)
build-windows	Run Windows runtime smoke scripts	2026-05-09T22:16:27.7079184Z Constants ok (5 BUTTON_* indices, 5 BUTTON_MASK_*)
build-windows	Run Windows runtime smoke scripts	2026-05-09T22:16:27.7079663Z HasMouse=true, GetMice count=1
build-windows	Run Windows runtime smoke scripts	2026-05-09T22:16:27.7080045Z First mouse name: Mouse (0x045e/0x0621)
build-windows	Run Windows runtime smoke scripts	2026-05-09T22:16:27.7080470Z GetMouseState ok: buttons=0, pos=(0,0)
build-windows	Run Windows runtime smoke scripts	2026-05-09T22:16:27.7080943Z GetGlobalMouseState ok: buttons=0, pos=(512,384)
build-windows	Run Windows runtime smoke scripts	2026-05-09T22:16:27.7081479Z GetRelativeMouseState ok: buttons=0, delta=(0,0)
build-windows	Run Windows runtime smoke scripts	2026-05-09T22:16:27.7082458Z CaptureMouse not allowed in this env (expected on headless CI): No window has focus
build-windows	Run Windows runtime smoke scripts	2026-05-09T22:16:27.7083238Z mouse smoke ok
build-windows	Run Windows runtime smoke scripts	2026-05-09T22:16:27.7490764Z [W][2026-05-09][22:16:27] FFmpeg DLLs not found (avformat=0000000000000000, avcodec=0000000000000000, avutil=0000000000000000)
build-windows	Run Windows runtime smoke scripts	2026-05-09T22:16:27.7509370Z [Light] Engine loaded: 92 modules from D:\a\ChocoLightEngine\ChocoLightEngine\lumen-master\build\src\light\Release\Light.dll
build-windows	Run Windows runtime smoke scripts	2026-05-09T22:16:27.8156856Z Light.Joystick module ok (42 fns)
build-windows	Run Windows runtime smoke scripts	2026-05-09T22:16:27.8157465Z Constants ok (10 TYPE_*, 4 CONNECTION_*, 9 HAT_*, AXIS bounds)
build-windows	Run Windows runtime smoke scripts	2026-05-09T22:16:27.8157923Z HasJoystick=false, GetJoysticks count=0
build-windows	Run Windows runtime smoke scripts	2026-05-09T22:16:27.8158289Z SetJoystickEventsEnabled round-trip ok
build-windows	Run Windows runtime smoke scripts	2026-05-09T22:16:27.8158655Z UpdateJoysticks ok (no-op on empty)
build-windows	Run Windows runtime smoke scripts	2026-05-09T22:16:27.8159085Z Bogus ID lookups graceful ok (GUID='00000000000000000000000000000000')
build-windows	Run Windows runtime smoke scripts	2026-05-09T22:16:27.8159757Z OpenJoystick(bogus) -> nil, 'Joystick 99999999 not found' ok
build-windows	Run Windows runtime smoke scripts	2026-05-09T22:16:27.8160226Z GetJoystickFromID/PlayerIndex(bogus) -> nil ok
build-windows	Run Windows runtime smoke scripts	2026-05-09T22:16:27.8160703Z No joystick on this system - handle path skipped (expected on CI)
build-windows	Run Windows runtime smoke scripts	2026-05-09T22:16:27.8161269Z joystick smoke ok
build-windows	Run Windows runtime smoke scripts	2026-05-09T22:16:27.8520540Z [W][2026-05-09][22:16:27] FFmpeg DLLs not found (avformat=0000000000000000, avcodec=0000000000000000, avutil=0000000000000000)
build-windows	Run Windows runtime smoke scripts	2026-05-09T22:16:27.8538460Z [Light] Engine loaded: 92 modules from D:\a\ChocoLightEngine\ChocoLightEngine\lumen-master\build\src\light\Release\Light.dll
build-windows	Run Windows runtime smoke scripts	2026-05-09T22:16:27.9077683Z Light.UI / Light.UI.Window loaded
build-windows	Run Windows runtime smoke scripts	2026-05-09T22:16:27.9078347Z Light.UI.Window TextInput fns ok (6 methods)
build-windows	Run Windows runtime smoke scripts	2026-05-09T22:16:27.9078900Z Light.UI TextInput constants ok (13 consts)
build-windows	Run Windows runtime smoke scripts	2026-05-09T22:16:27.9079571Z StartTextInput() returned false (no active window) - expected
build-windows	Run Windows runtime smoke scripts	2026-05-09T22:16:27.9080246Z StopTextInput() ok (no crash)
build-windows	Run Windows runtime smoke scripts	2026-05-09T22:16:27.9080635Z IsTextInputActive() = false
build-windows	Run Windows runtime smoke scripts	2026-05-09T22:16:27.9081067Z SetTextInputArea(100,200,300,40) ok
build-windows	Run Windows runtime smoke scripts	2026-05-09T22:16:27.9081519Z SetTextInputArea(100,200,300,40, cursor=5) ok
build-windows	Run Windows runtime smoke scripts	2026-05-09T22:16:27.9081944Z ClearComposition() ok (no crash)
build-windows	Run Windows runtime smoke scripts	2026-05-09T22:16:27.9082343Z IsScreenKeyboardShown() = false
build-windows	Run Windows runtime smoke scripts	2026-05-09T22:16:27.9082796Z StartTextInput({type='email', cap='sentences', ...}) = false
build-windows	Run Windows runtime smoke scripts	2026-05-09T22:16:27.9083456Z StartTextInput({type=NUMBER, cap=NONE}) = false
build-windows	Run Windows runtime smoke scripts	2026-05-09T22:16:27.9083909Z StartTextInput({type='password'}) = false
build-windows	Run Windows runtime smoke scripts	2026-05-09T22:16:27.9084325Z StartTextInput({}) = false
build-windows	Run Windows runtime smoke scripts	2026-05-09T22:16:27.9084841Z StartTextInput({type=garbage, cap=garbage}) = false (no crash on unknown enum)
build-windows	Run Windows runtime smoke scripts	2026-05-09T22:16:27.9085729Z Light.Keyboard.HasScreenKeyboardSupport still present (no regression)
build-windows	Run Windows runtime smoke scripts	2026-05-09T22:16:27.9086398Z textinput smoke ok
build-windows	Run Windows runtime smoke scripts	2026-05-09T22:16:27.9439828Z [W][2026-05-09][22:16:27] FFmpeg DLLs not found (avformat=0000000000000000, avcodec=0000000000000000, avutil=0000000000000000)
build-windows	Run Windows runtime smoke scripts	2026-05-09T22:16:27.9464038Z [Light] Engine loaded: 92 modules from D:\a\ChocoLightEngine\ChocoLightEngine\lumen-master\build\src\light\Release\Light.dll
build-windows	Run Windows runtime smoke scripts	2026-05-09T22:16:27.9996804Z Light.UI Pen input flags ok (7 consts)
build-windows	Run Windows runtime smoke scripts	2026-05-09T22:16:27.9997328Z Light.UI Pen axis IDs ok (8 consts)
build-windows	Run Windows runtime smoke scripts	2026-05-09T22:16:27.9997633Z Light.Event module ok (9 fns)
build-windows	Run Windows runtime smoke scripts	2026-05-09T22:16:27.9997942Z Light.Event event type constants ok (8 sampled)
build-windows	Run Windows runtime smoke scripts	2026-05-09T22:16:27.9998280Z Event.Pump() ok
build-windows	Run Windows runtime smoke scripts	2026-05-09T22:16:27.9998480Z HasEvent(QUIT) = false
build-windows	Run Windows runtime smoke scripts	2026-05-09T22:16:27.9998761Z HasEvents(KEY_DOWN..MOUSE_WHEEL) = false
build-windows	Run Windows runtime smoke scripts	2026-05-09T22:16:27.9999074Z FlushEvent / FlushEvents ok
build-windows	Run Windows runtime smoke scripts	2026-05-09T22:16:27.9999359Z SetEnabled / IsEnabled round-trip ok (was true)
build-windows	Run Windows runtime smoke scripts	2026-05-09T22:16:27.9999967Z Event.Register(1) = 32769
build-windows	Run Windows runtime smoke scripts	2026-05-09T22:16:28.0000380Z Event.Register(3) = 32770 (range 32770..32772)
build-windows	Run Windows runtime smoke scripts	2026-05-09T22:16:28.0000822Z Event.Register(0) = 0 (edge case)
build-windows	Run Windows runtime smoke scripts	2026-05-09T22:16:28.0001231Z Event.Push(id1, 42, 100, 200) = false
build-windows	Run Windows runtime smoke scripts	2026-05-09T22:16:28.0001517Z Event.Push(id1) = false
build-windows	Run Windows runtime smoke scripts	2026-05-09T22:16:28.0001749Z HasEvent(id1) after Push = false
build-windows	Run Windows runtime smoke scripts	2026-05-09T22:16:28.0002139Z FlushEvent(id1) cleanup ok
build-windows	Run Windows runtime smoke scripts	2026-05-09T22:16:28.0002407Z Light.Time.AddTimer / RemoveTimer ok
build-windows	Run Windows runtime smoke scripts	2026-05-09T22:16:28.0002684Z AddTimer(60000, fn) = 1
build-windows	Run Windows runtime smoke scripts	2026-05-09T22:16:28.0002902Z RemoveTimer(1) = true
build-windows	Run Windows runtime smoke scripts	2026-05-09T22:16:28.0003184Z RemoveTimer(999999) = false (no crash)
build-windows	Run Windows runtime smoke scripts	2026-05-09T22:16:28.0003601Z Light.Time backward compat ok (GetTicks=0ms)
build-windows	Run Windows runtime smoke scripts	2026-05-09T22:16:28.0004104Z pen_event_timer smoke ok
build-windows	Run Windows runtime smoke scripts	2026-05-09T22:16:28.0361683Z [W][2026-05-09][22:16:28] FFmpeg DLLs not found (avformat=0000000000000000, avcodec=0000000000000000, avutil=0000000000000000)
build-windows	Run Windows runtime smoke scripts	2026-05-09T22:16:28.0380191Z [Light] Engine loaded: 92 modules from D:\a\ChocoLightEngine\ChocoLightEngine\lumen-master\build\src\light\Release\Light.dll
build-windows	Run Windows runtime smoke scripts	2026-05-09T22:16:28.0383434Z Light.Graphics.PushCanvas / PopCanvas registered ok
build-windows	Run Windows runtime smoke scripts	2026-05-09T22:16:28.0383985Z Light.Graphics SetCanvas/GetCanvas backward compat ok
build-windows	Run Windows runtime smoke scripts	2026-05-09T22:16:28.0384364Z [W][2026-05-09][22:16:28] PopCanvas: stack underflow, ignored
build-windows	Run Windows runtime smoke scripts	2026-05-09T22:16:28.0384744Z [W][2026-05-09][22:16:28] PopCanvas: stack underflow, ignored
build-windows	Run Windows runtime smoke scripts	2026-05-09T22:16:28.0902763Z PopCanvas on empty stack is safe (no crash)
build-windows	Run Windows runtime smoke scripts	2026-05-09T22:16:28.0903515Z Light.Graphics.Canvas 4 enhanced methods registered ok
build-windows	Run Windows runtime smoke scripts	2026-05-09T22:16:28.0903914Z Canvas.GetTextureId(stub) = 0 (no crash)
build-windows	Run Windows runtime smoke scripts	2026-05-09T22:16:28.0904226Z Canvas.GetWidth/GetHeight on stub = 0/0
build-windows	Run Windows runtime smoke scripts	2026-05-09T22:16:28.0904544Z Canvas.Clear(stub) ok (no crash)
build-windows	Run Windows runtime smoke scripts	2026-05-09T22:16:28.0905178Z Light.Graphics.Image.GetTextureId registered ok (stub returns 0)
build-windows	Run Windows runtime smoke scripts	2026-05-09T22:16:28.0905553Z Light.Graphics.Image backward compat ok
build-windows	Run Windows runtime smoke scripts	2026-05-09T22:16:28.0905820Z Light.Graphics.Shader module-level fns ok
build-windows	Run Windows runtime smoke scripts	2026-05-09T22:16:28.0906253Z Shader.IsSupported() = false
build-windows	Run Windows runtime smoke scripts	2026-05-09T22:16:28.0906715Z Shader.New() returned nil in headless mode (err=Render backend does not support user shaders (need GL 3.3+))
build-windows	Run Windows runtime smoke scripts	2026-05-09T22:16:28.0907237Z Light.UI Phase AQ + AR constants still registered
build-windows	Run Windows runtime smoke scripts	2026-05-09T22:16:28.0907528Z Light.Event Phase AR module still works
build-windows	Run Windows runtime smoke scripts	2026-05-09T22:16:28.0907861Z canvas_shader_ext smoke ok
build-windows	Run Windows runtime smoke scripts	2026-05-09T22:16:28.1267034Z [W][2026-05-09][22:16:28] FFmpeg DLLs not found (avformat=0000000000000000, avcodec=0000000000000000, avutil=0000000000000000)
build-windows	Run Windows runtime smoke scripts	2026-05-09T22:16:28.1285898Z [Light] Engine loaded: 92 modules from D:\a\ChocoLightEngine\ChocoLightEngine\lumen-master\build\src\light\Release\Light.dll
build-windows	Run Windows runtime smoke scripts	2026-05-09T22:16:28.1910673Z Light.Graphics 3D control fns ok (4 fns)
build-windows	Run Windows runtime smoke scripts	2026-05-09T22:16:28.1911313Z SetPerspective(60, 16/9, 0.1, 1000) ok
build-windows	Run Windows runtime smoke scripts	2026-05-09T22:16:28.1911624Z SetCamera(eye, target) 6-arg form ok
build-windows	Run Windows runtime smoke scripts	2026-05-09T22:16:28.1911918Z SetCamera(eye, target, up) 9-arg form ok
build-windows	Run Windows runtime smoke scripts	2026-05-09T22:16:28.1912241Z SetDepthTest(true) -> GetDepthTest = true
build-windows	Run Windows runtime smoke scripts	2026-05-09T22:16:28.1912562Z SetDepthTest(false) -> GetDepthTest = false
build-windows	Run Windows runtime smoke scripts	2026-05-09T22:16:28.1913417Z Light.Graphics.Mesh module loaded (4 static fns)
build-windows	Run Windows runtime smoke scripts	2026-05-09T22:16:28.1913846Z Mesh.GetVertexFormat() = 'pos3, normal3, uv2, color4'
build-windows	Run Windows runtime smoke scripts	2026-05-09T22:16:28.1914534Z Mesh.New({}, {}) -> nil, 'vertex table length 0 not multiple of 12 (pos3+normal3+uv2+color4)'
build-windows	Run Windows runtime smoke scripts	2026-05-09T22:16:28.1915531Z Mesh.New(5 floats) -> nil, 'vertex table length 5 not multiple of 12 (pos3+normal3+uv2+color4)'
build-windows	Run Windows runtime smoke scripts	2026-05-09T22:16:28.1916319Z Mesh.New(3 verts, 2 indices) -> nil, 'index count 2 must be > 0 and multiple of 3 (triangles)'
build-windows	Run Windows runtime smoke scripts	2026-05-09T22:16:28.1917051Z Mesh.New(triangle) returned nil in headless (err='no render backend (window not opened?)') - expected
build-windows	Run Windows runtime smoke scripts	2026-05-09T22:16:28.1917666Z LoadGLTF(nonexistent.gltf) -> nil, 'parse failed (cgltf err 6)'
build-windows	Run Windows runtime smoke scripts	2026-05-09T22:16:28.1918127Z LoadGLTF(nonexistent.glb) -> nil, 'parse failed (cgltf err 6)'
build-windows	Run Windows runtime smoke scripts	2026-05-09T22:16:28.1918569Z LoadGLTF(_, -1) -> nil, 'primitive_index must be >= 0'
build-windows	Run Windows runtime smoke scripts	2026-05-09T22:16:28.1919022Z GetGLTFMeshCount(nonexistent.gltf) -> nil, 'parse failed (cgltf err 6)'
build-windows	Run Windows runtime smoke scripts	2026-05-09T22:16:28.1919530Z Light.Graphics.Canvas / Shader + Light.Event backward compat ok
build-windows	Run Windows runtime smoke scripts	2026-05-09T22:16:28.1919889Z mesh_3d smoke ok
build-windows	Run Windows runtime smoke scripts	2026-05-09T22:16:28.2274258Z [W][2026-05-09][22:16:28] FFmpeg DLLs not found (avformat=0000000000000000, avcodec=0000000000000000, avutil=0000000000000000)
build-windows	Run Windows runtime smoke scripts	2026-05-09T22:16:28.2292511Z [Light] Engine loaded: 92 modules from D:\a\ChocoLightEngine\ChocoLightEngine\lumen-master\build\src\light\Release\Light.dll
build-windows	Run Windows runtime smoke scripts	2026-05-09T22:16:28.2862169Z Light.Graphics.Material module loaded
build-windows	Run Windows runtime smoke scripts	2026-05-09T22:16:28.2862687Z Material.New('pbr') -> mode='pbr'
build-windows	Run Windows runtime smoke scripts	2026-05-09T22:16:28.2862995Z Material.New('unlit') -> mode='unlit'
build-windows	Run Windows runtime smoke scripts	2026-05-09T22:16:28.2863343Z Material.New() -> default 'pbr'
build-windows	Run Windows runtime smoke scripts	2026-05-09T22:16:28.2863620Z SetMode round-trip ok
build-windows	Run Windows runtime smoke scripts	2026-05-09T22:16:28.2863873Z SetColor/GetColor (3 args + 4 args) ok
build-windows	Run Windows runtime smoke scripts	2026-05-09T22:16:28.2864190Z SetEmissive/GetEmissive round-trip ok
build-windows	Run Windows runtime smoke scripts	2026-05-09T22:16:28.2864489Z SetMetallic clamp [0,1] ok
build-windows	Run Windows runtime smoke scripts	2026-05-09T22:16:28.2864742Z SetRoughness round-trip ok
build-windows	Run Windows runtime smoke scripts	2026-05-09T22:16:28.2865202Z normalScale + occlusionStrength round-trip ok
build-windows	Run Windows runtime smoke scripts	2026-05-09T22:16:28.2865571Z SetTexture/GetTexture for 5 slots ok
build-windows	Run Windows runtime smoke scripts	2026-05-09T22:16:28.2865897Z SetTexture(unknown_slot) -> error (expected)
build-windows	Run Windows runtime smoke scripts	2026-05-09T22:16:28.2866406Z doubleSided/alphaMode/alphaCutoff round-trip ok
build-windows	Run Windows runtime smoke scripts	2026-05-09T22:16:28.2867099Z Material __tostring = 'Light.Graphics.Material(pbr, color=(%.2f,%.2f,%.2f,%.2f))'
build-windows	Run Windows runtime smoke scripts	2026-05-09T22:16:28.2867756Z Light.Graphics 8 lighting fns registered
build-windows	Run Windows runtime smoke scripts	2026-05-09T22:16:28.2868157Z SetDirectionalLight/SetAmbientLight ok
build-windows	Run Windows runtime smoke scripts	2026-05-09T22:16:28.2868505Z AddPointLight returned id=0 (0=headless)
build-windows	Run Windows runtime smoke scripts	2026-05-09T22:16:28.2868931Z RemovePointLight/ClearPointLights/GetPointLightCount ok (count=0)
build-windows	Run Windows runtime smoke scripts	2026-05-09T22:16:28.2870353Z GetMaxPointLights = 0 (0=headless, 4=runtime)
build-windows	Run Windows runtime smoke scripts	2026-05-09T22:16:28.2870774Z mesh creation skipped (headless), tests degenerate gracefully
build-windows	Run Windows runtime smoke scripts	2026-05-09T22:16:28.2871275Z LoadGLTF(nonexistent, 0, true) -> nil, 'parse failed (cgltf err 6)'
build-windows	Run Windows runtime smoke scripts	2026-05-09T22:16:28.2872094Z LoadGLTF(_, _, false) -> nil, 'parse failed (cgltf err 6)'
build-windows	Run Windows runtime smoke scripts	2026-05-09T22:16:28.2872957Z LoadGLTF(_, 0) (no third arg) -> nil, 'parse failed (cgltf err 6)'
build-windows	Run Windows runtime smoke scripts	2026-05-09T22:16:28.2873922Z LoadGLTF(_) (single arg, AS.3 style) -> nil, 'parse failed (cgltf err 6)'
build-windows	Run Windows runtime smoke scripts	2026-05-09T22:16:28.2874800Z AQ/AR/AS.1/AS.2/AS.3 backward compat ok
build-windows	Run Windows runtime smoke scripts	2026-05-09T22:16:28.2875523Z material_3d smoke ok
build-windows	Run Windows runtime smoke scripts	2026-05-09T22:16:28.3226095Z [W][2026-05-09][22:16:28] FFmpeg DLLs not found (avformat=0000000000000000, avcodec=0000000000000000, avutil=0000000000000000)
build-windows	Run Windows runtime smoke scripts	2026-05-09T22:16:28.3244088Z [Light] Engine loaded: 92 modules from D:\a\ChocoLightEngine\ChocoLightEngine\lumen-master\build\src\light\Release\Light.dll
build-windows	Run Windows runtime smoke scripts	2026-05-09T22:16:28.3398020Z [1] 妯″潡鍔犺浇
build-windows	Run Windows runtime smoke scripts	2026-05-09T22:16:28.3398400Z   PASS: Sound / SoundGroup / Effect 涓夋ā鍧楅兘鎴愬姛鍔犺浇
build-windows	Run Windows runtime smoke scripts	2026-05-09T22:16:28.3398739Z [2] Sound 宸ュ巶鍑芥暟
build-windows	Run Windows runtime smoke scripts	2026-05-09T22:16:28.3398984Z   PASS: Sound.Load / Sound.LoadPCM 瀛樺湪
build-windows	Run Windows runtime smoke scripts	2026-05-09T22:16:28.3399307Z [I][2026-05-09][22:16:28] AudioBackend: miniaudio engine initialized
build-windows	Run Windows runtime smoke scripts	2026-05-09T22:16:28.3965087Z   PASS: Sound.Load(nonexistent) -> nil, 'failed to load audio file: nonexistent.wav'
build-windows	Run Windows runtime smoke scripts	2026-05-09T22:16:28.3966153Z   PASS: Sound.LoadPCM(bogus fmt) -> nil, 'unknown format 'bogus' (expected u8/s16/s32/f32)'
build-windows	Run Windows runtime smoke scripts	2026-05-09T22:16:28.3966804Z   PASS: Sound.LoadPCM(empty) -> nil, 'data too short for given format'
build-windows	Run Windows runtime smoke scripts	2026-05-09T22:16:28.3968352Z [3] SoundGroup 宓屽 + 寰幆妫€娴?build-windows	Run Windows runtime smoke scripts	2026-05-09T22:16:28.3969709Z   PASS: SoundGroup.New 瀛樺湪
build-windows	Run Windows runtime smoke scripts	2026-05-09T22:16:28.3970691Z   PASS: SoundGroup.New() ok
build-windows	Run Windows runtime smoke scripts	2026-05-09T22:16:28.3971233Z   PASS: group 10+ methods all callable
build-windows	Run Windows runtime smoke scripts	2026-05-09T22:16:28.3972046Z   PASS: SetVolume(0.5) -> GetVolume() = 0.5
build-windows	Run Windows runtime smoke scripts	2026-05-09T22:16:28.3973262Z   PASS: SetPitch(1.5) -> GetPitch() = 1.5
build-windows	Run Windows runtime smoke scripts	2026-05-09T22:16:28.3973931Z   PASS: SoundGroup.New(g1) 宓屽鍒涘缓 ok
build-windows	Run Windows runtime smoke scripts	2026-05-09T22:16:28.3974605Z   PASS: g1:SetParent(g2) 寰幆妫€娴嬫嫆缁? err='cycle detected (cannot set parent)'
build-windows	Run Windows runtime smoke scripts	2026-05-09T22:16:28.3975414Z   PASS: g1:SetParent(g1) 鑷惊鐜嫆缁? err='cycle detected (cannot set parent)'
build-windows	Run Windows runtime smoke scripts	2026-05-09T22:16:28.3975913Z   PASS: g1:SetParent(nil) ok (master)
build-windows	Run Windows runtime smoke scripts	2026-05-09T22:16:28.3976304Z   PASS: g2:Delete() ok
build-windows	Run Windows runtime smoke scripts	2026-05-09T22:16:28.3976560Z   PASS: g1:Delete() ok
build-windows	Run Windows runtime smoke scripts	2026-05-09T22:16:28.3977215Z [4] Effect 宸ュ巶 + 鎺у埗
build-windows	Run Windows runtime smoke scripts	2026-05-09T22:16:28.3977694Z   PASS: Effect.NewLowPass 宸ュ巶 + Set/GetEnabled + Delete ok
build-windows	Run Windows runtime smoke scripts	2026-05-09T22:16:28.3978353Z   PASS: Effect.NewHighPass 宸ュ巶 + Set/GetEnabled + Delete ok
build-windows	Run Windows runtime smoke scripts	2026-05-09T22:16:28.3978987Z   PASS: Effect.NewBandPass 宸ュ巶 + Set/GetEnabled + Delete ok
build-windows	Run Windows runtime smoke scripts	2026-05-09T22:16:28.3979616Z   PASS: Effect.NewNotch 宸ュ巶 + Set/GetEnabled + Delete ok
build-windows	Run Windows runtime smoke scripts	2026-05-09T22:16:28.3980202Z   PASS: Effect.NewPeak 宸ュ巶 + Set/GetEnabled + Delete ok
build-windows	Run Windows runtime smoke scripts	2026-05-09T22:16:28.3980795Z   PASS: Effect.NewEcho 宸ュ巶 + Set/GetEnabled + Delete ok
build-windows	Run Windows runtime smoke scripts	2026-05-09T22:16:28.3981292Z [5] Light.Audio Listener + GlobalVolume
build-windows	Run Windows runtime smoke scripts	2026-05-09T22:16:28.3981818Z   PASS: Light.Audio 7 涓?Phase AT fn 鍏ㄩ儴瀛樺湪
build-windows	Run Windows runtime smoke scripts	2026-05-09T22:16:28.3982240Z   PASS: SetListenerPosition(0,0,0) -> true
build-windows	Run Windows runtime smoke scripts	2026-05-09T22:16:28.3982808Z   PASS: SetListenerPosition('x','y','z') -> false, 'expected x, y, z, [idx]'
build-windows	Run Windows runtime smoke scripts	2026-05-09T22:16:28.3983419Z   PASS: Set/GetGlobalVolume = 0.80000001192093
build-windows	Run Windows runtime smoke scripts	2026-05-09T22:16:28.3983818Z   PASS: GetListenerCount = 1
build-windows	Run Windows runtime smoke scripts	2026-05-09T22:16:28.3984366Z [6] Sound -> Group/Effect (渚濊禆 audio device, 鍙兘 skip)
build-windows	Run Windows runtime smoke scripts	2026-05-09T22:16:28.3984808Z   PASS: Sound.LoadPCM(1 frame f32 stereo) ok
build-windows	Run Windows runtime smoke scripts	2026-05-09T22:16:28.3985263Z   PASS: sound 28 涓柟娉曞叏閮ㄥ瓨鍦?build-windows	Run Windows runtime smoke scripts	2026-05-09T22:16:28.3985571Z   PASS: Set/GetVolume(0.7) ok
build-windows	Run Windows runtime smoke scripts	2026-05-09T22:16:28.3985880Z   PASS: Set/GetLooping ok
build-windows	Run Windows runtime smoke scripts	2026-05-09T22:16:28.3986587Z   PASS: Set/GetPitch(1.2) ok
build-windows	Run Windows runtime smoke scripts	2026-05-09T22:16:28.3986924Z   PASS: Set/GetPan(-0.5) ok
build-windows	Run Windows runtime smoke scripts	2026-05-09T22:16:28.3987237Z   PASS: Set/Get3DEnabled ok
build-windows	Run Windows runtime smoke scripts	2026-05-09T22:16:28.3987550Z   PASS: Set/GetPosition(1,2,3) ok
build-windows	Run Windows runtime smoke scripts	2026-05-09T22:16:28.3988245Z   PASS: Set/GetAttenuationModel('linear') ok
build-windows	Run Windows runtime smoke scripts	2026-05-09T22:16:28.3988628Z   PASS: Set/GetMinDistance(2) ok
build-windows	Run Windows runtime smoke scripts	2026-05-09T22:16:28.3989029Z   PASS: sound:SetGroup(group) / sound:SetGroup(nil) ok
build-windows	Run Windows runtime smoke scripts	2026-05-09T22:16:28.3989843Z   PASS: sound:SetEffect(effect) / sound:SetEffect(nil) ok
build-windows	Run Windows runtime smoke scripts	2026-05-09T22:16:28.3990214Z   PASS: sound:Delete() ok
build-windows	Run Windows runtime smoke scripts	2026-05-09T22:16:28.3990361Z 
build-windows	Run Windows runtime smoke scripts	2026-05-09T22:16:28.3990541Z [Phase AT smoke] All 40 assertions PASSED
build-windows	Run Windows runtime smoke scripts	2026-05-09T22:16:28.4337198Z [W][2026-05-09][22:16:28] FFmpeg DLLs not found (avformat=0000000000000000, avcodec=0000000000000000, avutil=0000000000000000)
build-windows	Run Windows runtime smoke scripts	2026-05-09T22:16:28.4355791Z [Light] Engine loaded: 92 modules from D:\a\ChocoLightEngine\ChocoLightEngine\lumen-master\build\src\light\Release\Light.dll
build-windows	Run Windows runtime smoke scripts	2026-05-09T22:16:28.4414694Z [1] 妯″潡鍔犺浇
build-windows	Run Windows runtime smoke scripts	2026-05-09T22:16:28.4415261Z   PASS: 10 涓伐鍘傚嚱鏁伴兘瀛樺湪
build-windows	Run Windows runtime smoke scripts	2026-05-09T22:16:28.4415732Z [2] Shape 宸ュ巶
build-windows	Run Windows runtime smoke scripts	2026-05-09T22:16:28.4416441Z   PASS: 6 绉?shape 鍒涘缓鎴愬姛 (Box/Sphere/Cylinder/Capsule/Cone/StaticPlane)
build-windows	Run Windows runtime smoke scripts	2026-05-09T22:16:28.4418410Z   PASS: shape:__tostring 璋冪敤涓嶅穿
build-windows	Run Windows runtime smoke scripts	2026-05-09T22:16:28.4419333Z [2.1] 楂樼骇 Shape 宸ュ巶 (ConvexHull / Heightfield / TriangleMesh)
build-windows	Run Windows runtime smoke scripts	2026-05-09T22:16:28.4420047Z   PASS: NewConvexHull(8 椤剁偣绔嬫柟浣? -> shape
build-windows	Run Windows runtime smoke scripts	2026-05-09T22:16:28.4421000Z   PASS: NewConvexHull 閿欒鍙傛暟 raise: NewConvexHull: vertex array length must be >=9 and multiple of 3 (got 2)
build-windows	Run Windows runtime smoke scripts	2026-05-09T22:16:28.4422264Z   PASS: NewHeightfield(4x4 骞冲湴) -> shape
build-windows	Run Windows runtime smoke scripts	2026-05-09T22:16:28.4423227Z   PASS: NewHeightfield 閿欒澶у皬 raise: NewHeightfield: heights count 2 != width*length 16 (or width/length < 2)
build-windows	Run Windows runtime smoke scripts	2026-05-09T22:16:28.4424152Z   PASS: NewTriangleMesh(2 涓夎褰? -> shape
build-windows	Run Windows runtime smoke scripts	2026-05-09T22:16:28.4424894Z   PASS: NewTriangleMesh 瓒婄晫 raise: NewTriangleMesh: index 99 out of range [0,4)
build-windows	Run Windows runtime smoke scripts	2026-05-09T22:16:28.4425567Z [3] World 鐢熷懡鍛ㄦ湡
build-windows	Run Windows runtime smoke scripts	2026-05-09T22:16:28.4425957Z   PASS: 榛樿閲嶅姏 (0.00, -9.81, 0.00)
build-windows	Run Windows runtime smoke scripts	2026-05-09T22:16:28.4426358Z   PASS: SetGravity 鐢熸晥
build-windows	Run Windows runtime smoke scripts	2026-05-09T22:16:28.4426728Z   PASS: 鍒濆 body count = 0
build-windows	Run Windows runtime smoke scripts	2026-05-09T22:16:28.4427073Z [4] RigidBody 鍒涘缓
build-windows	Run Windows runtime smoke scripts	2026-05-09T22:16:28.4427487Z   PASS: 鍒涘缓 static + dynamic + kinematic, count=3
build-windows	Run Windows runtime smoke scripts	2026-05-09T22:16:28.4428228Z   PASS: CreateBody 鏃?shape -> nil + err: shape required (or use compoundShapes)
build-windows	Run Windows runtime smoke scripts	2026-05-09T22:16:28.4428858Z [5] Body 鏂规硶
build-windows	Run Windows runtime smoke scripts	2026-05-09T22:16:28.4429118Z   PASS: GetPosition (0,5,0)
build-windows	Run Windows runtime smoke scripts	2026-05-09T22:16:28.4429518Z   PASS: SetPosition (1,6,2) 鐢熸晥
build-windows	Run Windows runtime smoke scripts	2026-05-09T22:16:28.4429901Z   PASS: GetRotation = identity (1,0,0,0)
build-windows	Run Windows runtime smoke scripts	2026-05-09T22:16:28.4430348Z   PASS: SetRotation 涓嶅穿
build-windows	Run Windows runtime smoke scripts	2026-05-09T22:16:28.4430673Z   PASS: GetTransform -> 16 floats
build-windows	Run Windows runtime smoke scripts	2026-05-09T22:16:28.4431072Z   PASS: Set/GetLinearVelocity
build-windows	Run Windows runtime smoke scripts	2026-05-09T22:16:28.4431418Z   PASS: Set/GetAngularVelocity
build-windows	Run Windows runtime smoke scripts	2026-05-09T22:16:28.4431874Z   PASS: Apply Force/Impulse/Torque 6 涓柟娉曚笉宕?build-windows	Run Windows runtime smoke scripts	2026-05-09T22:16:28.4432253Z   PASS: Set/GetMass
build-windows	Run Windows runtime smoke scripts	2026-05-09T22:16:28.4432567Z   PASS: Set/GetFriction/Restitution/Damping
build-windows	Run Windows runtime smoke scripts	2026-05-09T22:16:28.4432996Z   PASS: Body SetGravity per-body override
build-windows	Run Windows runtime smoke scripts	2026-05-09T22:16:28.4433480Z   PASS: CCD 璁剧疆涓嶅穿
build-windows	Run Windows runtime smoke scripts	2026-05-09T22:16:28.4433751Z   PASS: Activate / IsActive
build-windows	Run Windows runtime smoke scripts	2026-05-09T22:16:28.4434084Z   PASS: Set/IsKinematic
build-windows	Run Windows runtime smoke scripts	2026-05-09T22:16:28.4434375Z   PASS: IsAlive
build-windows	Run Windows runtime smoke scripts	2026-05-09T22:16:28.4434699Z   PASS: body:__tostring 涓嶅穿
build-windows	Run Windows runtime smoke scripts	2026-05-09T22:16:28.4435485Z [6] Step 閲嶅姏绉垎
build-windows	Run Windows runtime smoke scripts	2026-05-09T22:16:28.4435902Z   PASS: body 鑷敱钀戒綋 60 姝? y: 10.0 -> 6.804
build-windows	Run Windows runtime smoke scripts	2026-05-09T22:16:28.4436266Z [7] RayCast
build-windows	Run Windows runtime smoke scripts	2026-05-09T22:16:28.4437143Z   PASS: RayCast 鍛戒腑 body=Light.Physics3D.Body(0x1b89c4c7590, pos=%.2f,%.2f,%.2f), hit=(0.00,7.17,0.00) n=(-0.02,1.00,0.00) f=0.321
build-windows	Run Windows runtime smoke scripts	2026-05-09T22:16:28.4438872Z   PASS: 杩滅 RayCast 鏃犲懡涓?-> nil
build-windows	Run Windows runtime smoke scripts	2026-05-09T22:16:28.4439297Z [8] OnContact 鍥炶皟
build-windows	Run Windows runtime smoke scripts	2026-05-09T22:16:28.4439641Z   PASS: OnContact(fn) 娉ㄥ唽鎴愬姛
build-windows	Run Windows runtime smoke scripts	2026-05-09T22:16:28.4440732Z   PASS: 鎺ヨЕ瑙﹀彂 9 娆? last_a=Light.Physics3D.Body(0x1b89c4c7590, pos=%.2f,%.2f,%.2f) last_b=Light.Physics3D.Body(0x1b89abd8b60, pos=%.2f,%.2f,%.2f)
build-windows	Run Windows runtime smoke scripts	2026-05-09T22:16:28.4441737Z   PASS: OnContact(nil) 鍙栨秷鍥炶皟鎴愬姛
build-windows	Run Windows runtime smoke scripts	2026-05-09T22:16:28.4442138Z [8.5] Joint - 5 绉?constraint
build-windows	Run Windows runtime smoke scripts	2026-05-09T22:16:28.4442554Z   PASS: p2p Joint 鍒涘缓 + GetType + IsAlive
build-windows	Run Windows runtime smoke scripts	2026-05-09T22:16:28.4443386Z   PASS: Hinge Joint + SetLimit + GetHingeAngle + EnableMotor (angle=0.000)
build-windows	Run Windows runtime smoke scripts	2026-05-09T22:16:28.4444081Z   PASS: Slider Joint + Lin/Ang limits + GetLinearPos (pos=0.000)
build-windows	Run Windows runtime smoke scripts	2026-05-09T22:16:28.4444636Z   PASS: ConeTwist Joint + SetConeTwistLimit
build-windows	Run Windows runtime smoke scripts	2026-05-09T22:16:28.4445286Z   PASS: 6DOF Joint + Set Linear/Angular Lower/Upper Limit (4 涓柟娉?
build-windows	Run Windows runtime smoke scripts	2026-05-09T22:16:28.4445892Z   PASS: GetJointCount = 5
build-windows	Run Windows runtime smoke scripts	2026-05-09T22:16:28.4446219Z   PASS: Joint Set/IsEnabled
build-windows	Run Windows runtime smoke scripts	2026-05-09T22:16:28.4446696Z   PASS: bogus joint type -> nil + err: CreateJoint: unknown type 'bogus'
build-windows	Run Windows runtime smoke scripts	2026-05-09T22:16:28.4447383Z   PASS: missing bodyA -> nil + err: CreateJoint: bodyA missing/dead
build-windows	Run Windows runtime smoke scripts	2026-05-09T22:16:28.4447894Z   PASS: DestroyJoint, count=4
build-windows	Run Windows runtime smoke scripts	2026-05-09T22:16:28.4448235Z   PASS: joint:Delete() OK
build-windows	Run Windows runtime smoke scripts	2026-05-09T22:16:28.4448642Z   PASS: joint:__tostring 涓嶅穿
build-windows	Run Windows runtime smoke scripts	2026-05-09T22:16:28.4449042Z   PASS: Step 10 甯у甫 3 涓?joints 涓嶅穿
build-windows	Run Windows runtime smoke scripts	2026-05-09T22:16:28.4449821Z [8.6] Compound shape
build-windows	Run Windows runtime smoke scripts	2026-05-09T22:16:28.4450387Z   PASS: Compound body 鍒涘缓 (box + sphere + capsule)
build-windows	Run Windows runtime smoke scripts	2026-05-09T22:16:28.4450996Z   PASS: Compound body 閲嶅姏涓嬭惤: y 5.00 -> 3.79
build-windows	Run Windows runtime smoke scripts	2026-05-09T22:16:28.4451687Z   PASS: 绌?compoundShapes -> nil + err: compoundShapes: empty list
build-windows	Run Windows runtime smoke scripts	2026-05-09T22:16:28.4452462Z   PASS: child 缂?shape -> nil + err: compoundShapes[1]: missing/invalid shape
build-windows	Run Windows runtime smoke scripts	2026-05-09T22:16:28.4453391Z   PASS: Compound body Delete OK
build-windows	Run Windows runtime smoke scripts	2026-05-09T22:16:28.4455062Z [8.7] DebugDraw 鎺ュ彛
build-windows	Run Windows runtime smoke scripts	2026-05-09T22:16:28.4455447Z   PASS: SetDebugDrawer 娉ㄥ唽鎴愬姛
build-windows	Run Windows runtime smoke scripts	2026-05-09T22:16:28.4455813Z   PASS: Set/GetDebugDrawMode = 1
build-windows	Run Windows runtime smoke scripts	2026-05-09T22:16:28.4456295Z   PASS: DebugDrawWorld 瑙﹀彂 806 娆?drawLine
build-windows	Run Windows runtime smoke scripts	2026-05-09T22:16:28.4456797Z   PASS: SetDebugDrawer(nil) 鍙栨秷鐢熸晥
build-windows	Run Windows runtime smoke scripts	2026-05-09T22:16:28.4457243Z [8.8] btRaycastVehicle 4-wheel 杞﹁締
build-windows	Run Windows runtime smoke scripts	2026-05-09T22:16:28.4457770Z   PASS: chassis body 鍒涘缓 (1.0x0.25x2.0 box, mass=800)
build-windows	Run Windows runtime smoke scripts	2026-05-09T22:16:28.4458385Z   PASS: CreateVehicle (chassis + 榛樿 tuning, upY/fwdZ)
build-windows	Run Windows runtime smoke scripts	2026-05-09T22:16:28.4458854Z   PASS: GetVehicleCount = 1
build-windows	Run Windows runtime smoke scripts	2026-05-09T22:16:28.4459204Z   PASS: AddWheel x4: FL=0 FR=1 RL=2 RR=3
build-windows	Run Windows runtime smoke scripts	2026-05-09T22:16:28.4459632Z   PASS: GetNumWheels = 4
build-windows	Run Windows runtime smoke scripts	2026-05-09T22:16:28.4459958Z   PASS: Set/GetSteering(0) = 0.300
build-windows	Run Windows runtime smoke scripts	2026-05-09T22:16:28.4460447Z   PASS: ApplyEngineForce(鍚庤疆, 1500)
build-windows	Run Windows runtime smoke scripts	2026-05-09T22:16:28.4460815Z   PASS: SetBrake(0) x4
build-windows	Run Windows runtime smoke scripts	2026-05-09T22:16:28.4461241Z   PASS: 鍒濆閫熷害 = 0.00 km/h
build-windows	Run Windows runtime smoke scripts	2026-05-09T22:16:28.4461673Z   PASS: 30 甯у悗閫熷害 = 18.00 km/h (鏃犲湴闈?
build-windows	Run Windows runtime smoke scripts	2026-05-09T22:16:28.4462412Z   PASS: GetWheelTransform(0) 杩斿洖 16 floats, [0]=0.96, [12,13,14]=(-51.00, 3.19, -48.50)
build-windows	Run Windows runtime smoke scripts	2026-05-09T22:16:28.4463043Z   PASS: GetWheelPosition(0) = (-51.00, 3.19, -48.50)
build-windows	Run Windows runtime smoke scripts	2026-05-09T22:16:28.4463846Z   PASS: 缂?chassis -> nil + err: CreateVehicle: missing/invalid 'chassis' (Body3D required)
build-windows	Run Windows runtime smoke scripts	2026-05-09T22:16:28.4464957Z   PASS: chassis 闈?Body -> nil + err: CreateVehicle: missing/invalid 'chassis' (Body3D required)
build-windows	Run Windows runtime smoke scripts	2026-05-09T22:16:28.4465867Z   PASS: 瓒婄晫 wheel index 闈欓粯蹇界暐 + 杩斿洖瀹夊叏鍊?build-windows	Run Windows runtime smoke scripts	2026-05-09T22:16:28.4466364Z   PASS: vehicle:__tostring 涓嶅穿
build-windows	Run Windows runtime smoke scripts	2026-05-09T22:16:28.4466898Z   PASS: GetWheelInfo(0) -> contact=false, friction=10.50, stiff=5.9, r=0.50
build-windows	Run Windows runtime smoke scripts	2026-05-09T22:16:28.5076254Z   PASS: 瓒婄晫 GetWheelInfo -> nil + err: wheel index out of range
build-windows	Run Windows runtime smoke scripts	2026-05-09T22:16:28.5077099Z   PASS: IsWheelInContact 涓€鑷?build-windows	Run Windows runtime smoke scripts	2026-05-09T22:16:28.5077544Z   PASS: SetWheelFriction/GetWheelFriction round-trip OK
build-windows	Run Windows runtime smoke scripts	2026-05-09T22:16:28.5078109Z   PASS: SetSuspensionStiffness + ResetSuspension OK
build-windows	Run Windows runtime smoke scripts	2026-05-09T22:16:28.5078843Z   PASS: Step 4.4 瓒婄晫 wheel idx 瀹夊叏
build-windows	Run Windows runtime smoke scripts	2026-05-09T22:16:28.5079173Z   PASS: DestroyVehicle OK
build-windows	Run Windows runtime smoke scripts	2026-05-09T22:16:28.5079651Z   PASS: dead vehicle 鏂规硶涓嶅穿 + 杩斿洖瀹夊叏鍊?build-windows	Run Windows runtime smoke scripts	2026-05-09T22:16:28.5080081Z   PASS: vehicle:Delete() OK
build-windows	Run Windows runtime smoke scripts	2026-05-09T22:16:28.5080501Z [8.9] btSoftBody (rope/cloth/ellipsoid)
build-windows	Run Windows runtime smoke scripts	2026-05-09T22:16:28.5081076Z   PASS: NewSoftBodyRope (10 segments, top fixed)
build-windows	Run Windows runtime smoke scripts	2026-05-09T22:16:28.5081630Z   PASS: rope nodes=11, links=10
build-windows	Run Windows runtime smoke scripts	2026-05-09T22:16:28.5082110Z   PASS: rope node[0] = (0.00, 10.00, 0.00)
build-windows	Run Windows runtime smoke scripts	2026-05-09T22:16:28.5082780Z   PASS: 瓒婄晫 node idx 杩斿洖 0,0,0
build-windows	Run Windows runtime smoke scripts	2026-05-09T22:16:28.5085912Z   PASS: rope 妯℃嫙 1s: 涓 y 7.50 -> 7.38 (涓嬪瀭)
build-windows	Run Windows runtime smoke scripts	2026-05-09T22:16:28.5086370Z   PASS: cloth nodes=64, links=161, faces=98
build-windows	Run Windows runtime smoke scripts	2026-05-09T22:16:28.5086959Z   PASS: ellipsoid nodes=35, faces=66, volume=3.414
build-windows	Run Windows runtime smoke scripts	2026-05-09T22:16:28.5087255Z   PASS: jello SetPressure(2500) + SetDamping(0.05)
build-windows	Run Windows runtime smoke scripts	2026-05-09T22:16:28.5087568Z   PASS: jello SetTotalMass(3.0) + (3.0, fromFaces=true)
build-windows	Run Windows runtime smoke scripts	2026-05-09T22:16:28.5087884Z   PASS: jello CoM = (-5.02, 8.00, -0.07) [near (-5,8,0)]
build-windows	Run Windows runtime smoke scripts	2026-05-09T22:16:28.5088628Z   PASS: jello AABB = (-6.25,6.78,-1.25) to (-3.79,9.23,1.19)
build-windows	Run Windows runtime smoke scripts	2026-05-09T22:16:28.5089116Z   PASS: jello 1s 鍚?CoM.y: 8.00 -> 21.90
build-windows	Run Windows runtime smoke scripts	2026-05-09T22:16:28.5089632Z   PASS: rope:AppendAnchor (鏈 -> dynamic sphere)
build-windows	Run Windows runtime smoke scripts	2026-05-09T22:16:28.5089944Z   PASS: anchor 妯℃嫙 30 甯т笉宕?build-windows	Run Windows runtime smoke scripts	2026-05-09T22:16:28.5090185Z   PASS: AppendAnchor 瓒婄晫鎶涢敊 OK
build-windows	Run Windows runtime smoke scripts	2026-05-09T22:16:28.5090440Z   PASS: softbody:__tostring x3 涓嶅穿
build-windows	Run Windows runtime smoke scripts	2026-05-09T22:16:28.5090659Z   PASS: DestroySoftBody OK
build-windows	Run Windows runtime smoke scripts	2026-05-09T22:16:28.5090909Z   PASS: dead softbody 鏂规硶涓嶅穿 + 杩斿洖瀹夊叏鍊?build-windows	Run Windows runtime smoke scripts	2026-05-09T22:16:28.5091124Z   PASS: cloth:Delete() OK
build-windows	Run Windows runtime smoke scripts	2026-05-09T22:16:28.5091458Z   PASS: NewSoftBodyRope() 缂哄弬鏁?-> nil + err: expected param table
build-windows	Run Windows runtime smoke scripts	2026-05-09T22:16:28.5091904Z   PASS: rope:SetWindVelocity(2,0,0) OK
build-windows	Run Windows runtime smoke scripts	2026-05-09T22:16:28.5092303Z   PASS: rope:AddForce 鍏ㄥ眬/鑺傜偣 OK
build-windows	Run Windows runtime smoke scripts	2026-05-09T22:16:28.5092564Z   PASS: AddForce 瓒婄晫 nodeIdx raise OK
build-windows	Run Windows runtime smoke scripts	2026-05-09T22:16:28.5092798Z   PASS: rope:SetVelocity OK
build-windows	Run Windows runtime smoke scripts	2026-05-09T22:16:28.5093045Z   PASS: rope GetLinkNodes(0)=(0,1), GetLinkNodes(9)=(9,10)
build-windows	Run Windows runtime smoke scripts	2026-05-09T22:16:28.5093637Z   PASS: 瓒婄晫 GetLinkNodes -> -1, -1
build-windows	Run Windows runtime smoke scripts	2026-05-09T22:16:28.5094119Z   PASS: rope GetFaceNodes(0) 瓒婄晫 -> -1,-1,-1 (rope 鏃犱笁瑙掗潰)
build-windows	Run Windows runtime smoke scripts	2026-05-09T22:16:28.5094432Z   PASS: rope:Delete() + body 娓呯悊 OK
build-windows	Run Windows runtime smoke scripts	2026-05-09T22:16:28.5094679Z [9] 閿€姣佽矾寰?build-windows	Run Windows runtime smoke scripts	2026-05-09T22:16:28.5094827Z   PASS: DestroyBody, count: 13 -> 12
build-windows	Run Windows runtime smoke scripts	2026-05-09T22:16:28.5095074Z   PASS: dead body 鏂规硶璋冪敤涓嶅穿
build-windows	Run Windows runtime smoke scripts	2026-05-09T22:16:28.5095248Z   PASS: body:Delete OK
build-windows	Run Windows runtime smoke scripts	2026-05-09T22:16:28.5095419Z [9.5] CharacterController
build-windows	Run Windows runtime smoke scripts	2026-05-09T22:16:28.5095636Z   PASS: CreateCharacter (capsule, stepHeight=0.35)
build-windows	Run Windows runtime smoke scripts	2026-05-09T22:16:28.5095899Z   PASS: GetCharacterCount = 1
build-windows	Run Windows runtime smoke scripts	2026-05-09T22:16:28.5096115Z   PASS: Set/GetJumpSpeed = 10.00
build-windows	Run Windows runtime smoke scripts	2026-05-09T22:16:28.5096340Z   PASS: Set/GetMaxSlope = 0.785 rad
build-windows	Run Windows runtime smoke scripts	2026-05-09T22:16:28.5096736Z   PASS: Set/GetGravity = (0.00, -20.00, 0.00)
build-windows	Run Windows runtime smoke scripts	2026-05-09T22:16:28.5097026Z   PASS: SetFallSpeed 涓嶅穿
build-windows	Run Windows runtime smoke scripts	2026-05-09T22:16:28.5097307Z   PASS: Walk 30 甯? (0.00, 5.00, 0.00) -> (1.50, 2.42, 0.00)
build-windows	Run Windows runtime smoke scripts	2026-05-09T22:16:28.5097585Z   PASS: OnGround=false, CanJump=false
build-windows	Run Windows runtime smoke scripts	2026-05-09T22:16:28.5097836Z   PASS: Jump() 鏃犲弬涓嶅穿
build-windows	Run Windows runtime smoke scripts	2026-05-09T22:16:28.5098027Z   PASS: Jump(0,5,0) 甯︽柟鍚戜笉宕?build-windows	Run Windows runtime smoke scripts	2026-05-09T22:16:28.5098250Z   PASS: SetPosition (warp) 鐢熸晥
build-windows	Run Windows runtime smoke scripts	2026-05-09T22:16:28.5098476Z   PASS: char:__tostring 涓嶅穿
build-windows	Run Windows runtime smoke scripts	2026-05-09T22:16:28.5098996Z   PASS: 闈?convex shape -> nil + err: CreateCharacter: shape must be convex (box/sphere/cylinder/capsule/cone/convexHull)
build-windows	Run Windows runtime smoke scripts	2026-05-09T22:16:28.5100074Z   PASS: Heightfield (non-convex) -> nil + err: CreateCharacter: shape must be convex (box/sphere/cylinder/capsule/cone/convexHull)
build-windows	Run Windows runtime smoke scripts	2026-05-09T22:16:28.5100690Z   PASS: DestroyCharacter OK
build-windows	Run Windows runtime smoke scripts	2026-05-09T22:16:28.5100887Z   PASS: char:Delete() OK
build-windows	Run Windows runtime smoke scripts	2026-05-09T22:16:28.5101072Z   PASS: w:Delete OK
build-windows	Run Windows runtime smoke scripts	2026-05-09T22:16:28.5101318Z   PASS: w:Delete 骞傜瓑涓嶅穿
build-windows	Run Windows runtime smoke scripts	2026-05-09T22:16:28.5101515Z 
build-windows	Run Windows runtime smoke scripts	2026-05-09T22:16:28.5101680Z === Light.Physics3D smoke 鍏?132 椤?PASS ===
build-windows	Run Windows runtime smoke scripts	2026-05-09T22:16:28.5443314Z [W][2026-05-09][22:16:28] FFmpeg DLLs not found (avformat=0000000000000000, avcodec=0000000000000000, avutil=0000000000000000)
build-windows	Run Windows runtime smoke scripts	2026-05-09T22:16:28.5462262Z [Light] Engine loaded: 92 modules from D:\a\ChocoLightEngine\ChocoLightEngine\lumen-master\build\src\light\Release\Light.dll
build-windows	Run Windows runtime smoke scripts	2026-05-09T22:16:28.5473352Z [1] Light.Animation 椤跺眰 API 琛?build-windows	Run Windows runtime smoke scripts	2026-05-09T22:16:28.5473875Z   PASS: Light.Animation 鏄?table
build-windows	Run Windows runtime smoke scripts	2026-05-09T22:16:28.5474326Z   PASS: Anim.LoadSkinnedGLTF is function
build-windows	Run Windows runtime smoke scripts	2026-05-09T22:16:28.5474652Z   PASS: Anim.NewAnimator is function
build-windows	Run Windows runtime smoke scripts	2026-05-09T22:16:28.5475003Z   PASS: Anim.DrawSkinnedMesh is function (Step 3)
build-windows	Run Windows runtime smoke scripts	2026-05-09T22:16:28.5475402Z [2] LoadSkinnedGLTF 閿欒澶勭悊
build-windows	Run Windows runtime smoke scripts	2026-05-09T22:16:28.5475684Z   PASS: 涓嶅瓨鍦ㄦ枃浠惰繑鍥?nil
build-windows	Run Windows runtime smoke scripts	2026-05-09T22:16:28.5475928Z   PASS: 涓嶅瓨鍦ㄦ枃浠惰繑鍥為敊璇瓧绗︿覆
build-windows	Run Windows runtime smoke scripts	2026-05-09T22:16:28.5476510Z   PASS: 涓嶄紶鍙傛暟 鈫?浼?raise
build-windows	Run Windows runtime smoke scripts	2026-05-09T22:16:28.5476760Z [3] NewAnimator 閿欒澶勭悊
build-windows	Run Windows runtime smoke scripts	2026-05-09T22:16:28.5477038Z   PASS: NewAnimator() 鏃犲弬鏁?鈫?raise
build-windows	Run Windows runtime smoke scripts	2026-05-09T22:16:28.5477357Z   PASS: NewAnimator(string) 鈫?raise
build-windows	Run Windows runtime smoke scripts	2026-05-09T22:16:28.5477689Z   PASS: NewAnimator(table) 鈫?raise
build-windows	Run Windows runtime smoke scripts	2026-05-09T22:16:28.5478002Z [4] 瀛愭ā鍧楃嫭绔?require
build-windows	Run Windows runtime smoke scripts	2026-05-09T22:16:28.5478305Z   PASS: require Light.Animation.Skeleton 涓嶅穿
build-windows	Run Windows runtime smoke scripts	2026-05-09T22:16:28.5478695Z   PASS: require Light.Animation.Clip 涓嶅穿
build-windows	Run Windows runtime smoke scripts	2026-05-09T22:16:28.5479064Z   PASS: require Light.Animation.Animator 涓嶅穿
build-windows	Run Windows runtime smoke scripts	2026-05-09T22:16:28.5479511Z   PASS: require Light.Animation.SkinnedMesh 涓嶅穿 (Step 3)
build-windows	Run Windows runtime smoke scripts	2026-05-09T22:16:28.5479945Z [5] Step 2: Animator 鐘舵€佹満 + sampler API 閿欒璺緞
build-windows	Run Windows runtime smoke scripts	2026-05-09T22:16:28.5480422Z   INFO: Step 2 鎴愬姛璺緞闇€ Skeleton/Clip userdata, Step 3 寮曞叆璧勬簮鍚庤ˉ鍏?build-windows	Run Windows runtime smoke scripts	2026-05-09T22:16:28.5480841Z [6] Step 2: Animator 鍏冭〃鏂规硶瀹屾暣鎬?build-windows	Run Windows runtime smoke scripts	2026-05-09T22:16:28.5481133Z   PASS: Animator:Update 瀛樺湪
build-windows	Run Windows runtime smoke scripts	2026-05-09T22:16:28.5481420Z   PASS: Animator:GetSkeleton 瀛樺湪
build-windows	Run Windows runtime smoke scripts	2026-05-09T22:16:28.5481734Z   PASS: Animator:GetCurrentTime 瀛樺湪
build-windows	Run Windows runtime smoke scripts	2026-05-09T22:16:28.5482075Z   PASS: Animator:SetCurrentTime 瀛樺湪
build-windows	Run Windows runtime smoke scripts	2026-05-09T22:16:28.5482396Z   PASS: Animator:SetSpeed 瀛樺湪
build-windows	Run Windows runtime smoke scripts	2026-05-09T22:16:28.5482688Z   PASS: Animator:Pause 瀛樺湪
build-windows	Run Windows runtime smoke scripts	2026-05-09T22:16:28.5482995Z   PASS: Animator:Resume 瀛樺湪
build-windows	Run Windows runtime smoke scripts	2026-05-09T22:16:28.5483280Z   PASS: Animator:IsPaused 瀛樺湪
build-windows	Run Windows runtime smoke scripts	2026-05-09T22:16:28.5483722Z   PASS: Animator:GetJointMatrices 瀛樺湪
build-windows	Run Windows runtime smoke scripts	2026-05-09T22:16:28.5483982Z   PASS: Animator:AddState 瀛樺湪
build-windows	Run Windows runtime smoke scripts	2026-05-09T22:16:28.5484218Z   PASS: Animator:Play 瀛樺湪
build-windows	Run Windows runtime smoke scripts	2026-05-09T22:16:28.5484435Z   PASS: Animator:Stop 瀛樺湪
build-windows	Run Windows runtime smoke scripts	2026-05-09T22:16:28.5484673Z   PASS: Animator:GetCurrentState 瀛樺湪
build-windows	Run Windows runtime smoke scripts	2026-05-09T22:16:28.5485041Z   PASS: Animator:GetStateCount 瀛樺湪
build-windows	Run Windows runtime smoke scripts	2026-05-09T22:16:28.5485421Z   PASS: Animator:HasState 瀛樺湪
build-windows	Run Windows runtime smoke scripts	2026-05-09T22:16:28.5485666Z   PASS: Animator:SetLooping 瀛樺湪
build-windows	Run Windows runtime smoke scripts	2026-05-09T22:16:28.5485908Z   PASS: Animator:IsLooping 瀛樺湪
build-windows	Run Windows runtime smoke scripts	2026-05-09T22:16:28.5486159Z   PASS: Animator:IsAlive 瀛樺湪
build-windows	Run Windows runtime smoke scripts	2026-05-09T22:16:28.5486377Z   PASS: Animator:Delete 瀛樺湪
build-windows	Run Windows runtime smoke scripts	2026-05-09T22:16:28.5486803Z   PASS: Skeleton:GetJointCount 瀛樺湪
build-windows	Run Windows runtime smoke scripts	2026-05-09T22:16:28.5487073Z   PASS: Skeleton:GetJointName 瀛樺湪
build-windows	Run Windows runtime smoke scripts	2026-05-09T22:16:28.5487322Z   PASS: Skeleton:FindJoint 瀛樺湪
build-windows	Run Windows runtime smoke scripts	2026-05-09T22:16:28.5487565Z   PASS: Skeleton:GetJointParent 瀛樺湪
build-windows	Run Windows runtime smoke scripts	2026-05-09T22:16:28.5487823Z   PASS: Skeleton:GetRootJoint 瀛樺湪
build-windows	Run Windows runtime smoke scripts	2026-05-09T22:16:28.5488072Z   PASS: Skeleton:GetBindLocalTRS 瀛樺湪
build-windows	Run Windows runtime smoke scripts	2026-05-09T22:16:28.5488364Z   PASS: Skeleton:GetInverseBindMatrix 瀛樺湪
build-windows	Run Windows runtime smoke scripts	2026-05-09T22:16:28.5488641Z   PASS: Skeleton:IsAlive 瀛樺湪
build-windows	Run Windows runtime smoke scripts	2026-05-09T22:16:28.5488859Z   PASS: Skeleton:Delete 瀛樺湪
build-windows	Run Windows runtime smoke scripts	2026-05-09T22:16:28.5489077Z   PASS: Clip:GetName 瀛樺湪
build-windows	Run Windows runtime smoke scripts	2026-05-09T22:16:28.5489289Z   PASS: Clip:GetDuration 瀛樺湪
build-windows	Run Windows runtime smoke scripts	2026-05-09T22:16:28.5489530Z   PASS: Clip:GetSamplerCount 瀛樺湪
build-windows	Run Windows runtime smoke scripts	2026-05-09T22:16:28.5489769Z   PASS: Clip:GetSamplerInfo 瀛樺湪
build-windows	Run Windows runtime smoke scripts	2026-05-09T22:16:28.5490003Z   PASS: Clip:Sample 瀛樺湪
build-windows	Run Windows runtime smoke scripts	2026-05-09T22:16:28.5490232Z   PASS: Clip:IsAlive 瀛樺湪
build-windows	Run Windows runtime smoke scripts	2026-05-09T22:16:28.5490449Z   PASS: Clip:Delete 瀛樺湪
build-windows	Run Windows runtime smoke scripts	2026-05-09T22:16:28.5490685Z [7] Step 2: Animator 鏂规硶 raise 璺緞 (浼犻敊鍙傛暟)
build-windows	Run Windows runtime smoke scripts	2026-05-09T22:16:28.5491116Z   PASS: Animator.AddState() 鏃?self 鈫?raise
build-windows	Run Windows runtime smoke scripts	2026-05-09T22:16:28.5491415Z   PASS: Animator.Play() 鏃?self 鈫?raise
build-windows	Run Windows runtime smoke scripts	2026-05-09T22:16:28.5491689Z   PASS: Animator.Stop() 鏃?self 鈫?raise
build-windows	Run Windows runtime smoke scripts	2026-05-09T22:16:28.5491980Z   PASS: Animator.SetLooping() 鏃?self 鈫?raise
build-windows	Run Windows runtime smoke scripts	2026-05-09T22:16:28.5492273Z   PASS: Animator.Update() 鏃?self 鈫?raise
build-windows	Run Windows runtime smoke scripts	2026-05-09T22:16:28.5492577Z [8] Step 3: SkinnedMesh 鍏冭〃鏂规硶瀹屾暣鎬?build-windows	Run Windows runtime smoke scripts	2026-05-09T22:16:28.5492832Z   PASS: SkinnedMesh:GetVertexCount 瀛樺湪
build-windows	Run Windows runtime smoke scripts	2026-05-09T22:16:28.5493113Z   PASS: SkinnedMesh:GetIndexCount 瀛樺湪
build-windows	Run Windows runtime smoke scripts	2026-05-09T22:16:28.5493380Z   PASS: SkinnedMesh:GetSkeleton 瀛樺湪
build-windows	Run Windows runtime smoke scripts	2026-05-09T22:16:28.5493643Z   PASS: SkinnedMesh:IsAlive 瀛樺湪
build-windows	Run Windows runtime smoke scripts	2026-05-09T22:16:28.5494027Z   PASS: SkinnedMesh:Delete 瀛樺湪
build-windows	Run Windows runtime smoke scripts	2026-05-09T22:16:28.5494501Z [9] Step 3: DrawSkinnedMesh 閿欒璺緞
build-windows	Run Windows runtime smoke scripts	2026-05-09T22:16:28.5494939Z   PASS: DrawSkinnedMesh() 鏃犲弬鏁?鈫?raise
build-windows	Run Windows runtime smoke scripts	2026-05-09T22:16:28.5495401Z   PASS: DrawSkinnedMesh(string,...) 鈫?raise
build-windows	Run Windows runtime smoke scripts	2026-05-09T22:16:28.5495886Z   PASS: DrawSkinnedMesh(table,...) 鈫?raise
build-windows	Run Windows runtime smoke scripts	2026-05-09T22:16:28.5496349Z   PASS: DrawSkinnedMesh(nil,nil) 鈫?raise
build-windows	Run Windows runtime smoke scripts	2026-05-09T22:16:28.5496919Z   PASS: SkinnedMesh.GetVertexCount() 鏃?self 鈫?raise
build-windows	Run Windows runtime smoke scripts	2026-05-09T22:16:28.5497307Z   PASS: SkinnedMesh.GetIndexCount() 鏃?self 鈫?raise
build-windows	Run Windows runtime smoke scripts	2026-05-09T22:16:28.5497646Z   PASS: SkinnedMesh.GetSkeleton() 鏃?self 鈫?raise
build-windows	Run Windows runtime smoke scripts	2026-05-09T22:16:28.5497947Z   PASS: SkinnedMesh.Delete() 鏃?self 鈫?raise
build-windows	Run Windows runtime smoke scripts	2026-05-09T22:16:28.5498425Z   INFO: DrawSkinnedMesh 鏁板€?娓叉煋楠岃瘉鐣?Phase AV.x 璧勪骇
build-windows	Run Windows runtime smoke scripts	2026-05-09T22:16:28.5498720Z [10] Step 4: Animator 鍏冭〃 Step 4 鏂规硶瀹屾暣鎬?build-windows	Run Windows runtime smoke scripts	2026-05-09T22:16:28.5498989Z   PASS: Animator:AddTransition 瀛樺湪 (Step 4)
build-windows	Run Windows runtime smoke scripts	2026-05-09T22:16:28.5499286Z   PASS: Animator:ClearTransitions 瀛樺湪 (Step 4)
build-windows	Run Windows runtime smoke scripts	2026-05-09T22:16:28.5499586Z   PASS: Animator:GetTransitionCount 瀛樺湪 (Step 4)
build-windows	Run Windows runtime smoke scripts	2026-05-09T22:16:28.5499873Z   PASS: Animator:Crossfade 瀛樺湪 (Step 4)
build-windows	Run Windows runtime smoke scripts	2026-05-09T22:16:28.5500138Z   PASS: Animator:IsCrossfading 瀛樺湪 (Step 4)
build-windows	Run Windows runtime smoke scripts	2026-05-09T22:16:28.5500436Z   PASS: Animator:GetCrossfadeProgress 瀛樺湪 (Step 4)
build-windows	Run Windows runtime smoke scripts	2026-05-09T22:16:28.5500744Z   PASS: Animator:GetCrossfadeTarget 瀛樺湪 (Step 4)
build-windows	Run Windows runtime smoke scripts	2026-05-09T22:16:28.5501047Z   PASS: Animator:AddEvent 瀛樺湪 (Step 4)
build-windows	Run Windows runtime smoke scripts	2026-05-09T22:16:28.5501309Z   PASS: Animator:ClearEvents 瀛樺湪 (Step 4)
build-windows	Run Windows runtime smoke scripts	2026-05-09T22:16:28.5501575Z   PASS: Animator:GetEventCount 瀛樺湪 (Step 4)
build-windows	Run Windows runtime smoke scripts	2026-05-09T22:16:28.5501840Z   PASS: Animator:SetParam 瀛樺湪 (Step 4)
build-windows	Run Windows runtime smoke scripts	2026-05-09T22:16:28.5502085Z   PASS: Animator:GetParam 瀛樺湪 (Step 4)
build-windows	Run Windows runtime smoke scripts	2026-05-09T22:16:28.5502346Z   PASS: Animator:HasParam 瀛樺湪 (Step 4)
build-windows	Run Windows runtime smoke scripts	2026-05-09T22:16:28.5502595Z   PASS: Animator:GetPrevTime 瀛樺湪 (Step 4)
build-windows	Run Windows runtime smoke scripts	2026-05-09T22:16:28.5502859Z [11] Step 4: 鐘舵€佹満鎵╁睍鏂规硶 raise 璺緞
build-windows	Run Windows runtime smoke scripts	2026-05-09T22:16:28.5503115Z   PASS: Animator.AddTransition() 鏃犲弬鏁?鈫?raise
build-windows	Run Windows runtime smoke scripts	2026-05-09T22:16:28.5503430Z   PASS: Animator.ClearTransitions() 鏃?self 鈫?raise
build-windows	Run Windows runtime smoke scripts	2026-05-09T22:16:28.5503727Z   PASS: Animator.Crossfade() 鏃犲弬鏁?鈫?raise
build-windows	Run Windows runtime smoke scripts	2026-05-09T22:16:28.5504004Z   PASS: Animator.IsCrossfading() 鏃?self 鈫?raise
build-windows	Run Windows runtime smoke scripts	2026-05-09T22:16:28.7031718Z   PASS: Animator.AddEve
build-windows	Run Windows runtime smoke scripts	2026-05-09T22:16:28.7152927Z ##[error]Process completed with exit code 1.
